Apr 06 16:14:11 mpouzol kernel: Linux version 5.18.0-rc1-next-20220406-mpouzol (maxime@mpouzol) (gcc (GCC) 11.2.0, GNU ld (GNU Binutils) 2.38) #3 SMP PREEMPT_DYNAMIC Wed Apr 6 11:00:33 UTC 2022
Apr 06 16:14:11 mpouzol kernel: Command line: BOOT_IMAGE=/boot/vmlinuz-5.18.0-rc1-next-20220406-mpouzol root=UUID=6d5afe33-937c-43b0-826c-ca6b148c97ff rw loglevel=3 quiet
Apr 06 16:14:11 mpouzol kernel: x86/fpu: Supporting XSAVE feature 0x001: 'x87 floating point registers'
Apr 06 16:14:11 mpouzol kernel: x86/fpu: Supporting XSAVE feature 0x002: 'SSE registers'
Apr 06 16:14:11 mpouzol kernel: x86/fpu: Supporting XSAVE feature 0x004: 'AVX registers'
Apr 06 16:14:11 mpouzol kernel: x86/fpu: xstate_offset[2]:  576, xstate_sizes[2]:  256
Apr 06 16:14:11 mpouzol kernel: x86/fpu: Enabled xstate features 0x7, context size is 832 bytes, using 'standard' format.
Apr 06 16:14:11 mpouzol kernel: signal: max sigframe size: 1776
Apr 06 16:14:11 mpouzol kernel: BIOS-provided physical RAM map:
Apr 06 16:14:11 mpouzol kernel: BIOS-e820: [mem 0x0000000000000000-0x000000000009fbff] usable
Apr 06 16:14:11 mpouzol kernel: BIOS-e820: [mem 0x000000000009fc00-0x000000000009ffff] reserved
Apr 06 16:14:11 mpouzol kernel: BIOS-e820: [mem 0x00000000000f0000-0x00000000000fffff] reserved
Apr 06 16:14:11 mpouzol kernel: BIOS-e820: [mem 0x0000000000100000-0x00000000dffeffff] usable
Apr 06 16:14:11 mpouzol kernel: BIOS-e820: [mem 0x00000000dfff0000-0x00000000dfffffff] ACPI data
Apr 06 16:14:11 mpouzol kernel: BIOS-e820: [mem 0x00000000fec00000-0x00000000fec00fff] reserved
Apr 06 16:14:11 mpouzol kernel: BIOS-e820: [mem 0x00000000fee00000-0x00000000fee00fff] reserved
Apr 06 16:14:11 mpouzol kernel: BIOS-e820: [mem 0x00000000fffc0000-0x00000000ffffffff] reserved
Apr 06 16:14:11 mpouzol kernel: BIOS-e820: [mem 0x0000000100000000-0x0000000233efffff] usable
Apr 06 16:14:11 mpouzol kernel: NX (Execute Disable) protection: active
Apr 06 16:14:11 mpouzol kernel: SMBIOS 2.5 present.
Apr 06 16:14:11 mpouzol kernel: DMI: innotek GmbH VirtualBox/VirtualBox, BIOS VirtualBox 12/01/2006
Apr 06 16:14:11 mpouzol kernel: Hypervisor detected: KVM
Apr 06 16:14:11 mpouzol kernel: kvm-clock: Using msrs 4b564d01 and 4b564d00
Apr 06 16:14:11 mpouzol kernel: kvm-clock: using sched offset of 2510832972512 cycles
Apr 06 16:14:11 mpouzol kernel: clocksource: kvm-clock: mask: 0xffffffffffffffff max_cycles: 0x1cd42e4dffb, max_idle_ns: 881590591483 ns
Apr 06 16:14:11 mpouzol kernel: tsc: Detected 2400.000 MHz processor
Apr 06 16:14:11 mpouzol kernel: e820: update [mem 0x00000000-0x00000fff] usable ==> reserved
Apr 06 16:14:11 mpouzol kernel: e820: remove [mem 0x000a0000-0x000fffff] usable
Apr 06 16:14:11 mpouzol kernel: last_pfn = 0x233f00 max_arch_pfn = 0x400000000
Apr 06 16:14:11 mpouzol kernel: Disabled
Apr 06 16:14:11 mpouzol kernel: x86/PAT: MTRRs disabled, skipping PAT initialization too.
Apr 06 16:14:11 mpouzol kernel: CPU MTRRs all blank - virtualized system.
Apr 06 16:14:11 mpouzol kernel: x86/PAT: Configuration [0-7]: WB  WT  UC- UC  WB  WT  UC- UC  
Apr 06 16:14:11 mpouzol kernel: last_pfn = 0xdfff0 max_arch_pfn = 0x400000000
Apr 06 16:14:11 mpouzol kernel: found SMP MP-table at [mem 0x0009fff0-0x0009ffff]
Apr 06 16:14:11 mpouzol kernel: RAMDISK: [mem 0x36f15000-0x37781fff]
Apr 06 16:14:11 mpouzol kernel: ACPI: Early table checksum verification disabled
Apr 06 16:14:11 mpouzol kernel: ACPI: RSDP 0x00000000000E0000 000024 (v02 VBOX  )
Apr 06 16:14:11 mpouzol kernel: ACPI: XSDT 0x00000000DFFF0030 00003C (v01 VBOX   VBOXXSDT 00000001 ASL  00000061)
Apr 06 16:14:11 mpouzol kernel: ACPI: FACP 0x00000000DFFF00F0 0000F4 (v04 VBOX   VBOXFACP 00000001 ASL  00000061)
Apr 06 16:14:11 mpouzol kernel: ACPI: DSDT 0x00000000DFFF0480 002325 (v02 VBOX   VBOXBIOS 00000002 INTL 20100528)
Apr 06 16:14:11 mpouzol kernel: ACPI: FACS 0x00000000DFFF0200 000040
Apr 06 16:14:11 mpouzol kernel: ACPI: FACS 0x00000000DFFF0200 000040
Apr 06 16:14:11 mpouzol kernel: ACPI: APIC 0x00000000DFFF0240 00006C (v02 VBOX   VBOXAPIC 00000001 ASL  00000061)
Apr 06 16:14:11 mpouzol kernel: ACPI: SSDT 0x00000000DFFF02B0 0001CC (v01 VBOX   VBOXCPUT 00000002 INTL 20100528)
Apr 06 16:14:11 mpouzol kernel: ACPI: Reserving FACP table memory at [mem 0xdfff00f0-0xdfff01e3]
Apr 06 16:14:11 mpouzol kernel: ACPI: Reserving DSDT table memory at [mem 0xdfff0480-0xdfff27a4]
Apr 06 16:14:11 mpouzol kernel: ACPI: Reserving FACS table memory at [mem 0xdfff0200-0xdfff023f]
Apr 06 16:14:11 mpouzol kernel: ACPI: Reserving FACS table memory at [mem 0xdfff0200-0xdfff023f]
Apr 06 16:14:11 mpouzol kernel: ACPI: Reserving APIC table memory at [mem 0xdfff0240-0xdfff02ab]
Apr 06 16:14:11 mpouzol kernel: ACPI: Reserving SSDT table memory at [mem 0xdfff02b0-0xdfff047b]
Apr 06 16:14:11 mpouzol kernel: No NUMA configuration found
Apr 06 16:14:11 mpouzol kernel: Faking a node at [mem 0x0000000000000000-0x0000000233efffff]
Apr 06 16:14:11 mpouzol kernel: NODE_DATA(0) allocated [mem 0x233efc000-0x233efffff]
Apr 06 16:14:11 mpouzol kernel: Zone ranges:
Apr 06 16:14:11 mpouzol kernel:   DMA      [mem 0x0000000000001000-0x0000000000ffffff]
Apr 06 16:14:11 mpouzol kernel:   DMA32    [mem 0x0000000001000000-0x00000000ffffffff]
Apr 06 16:14:11 mpouzol kernel:   Normal   [mem 0x0000000100000000-0x0000000233efffff]
Apr 06 16:14:11 mpouzol kernel:   Device   empty
Apr 06 16:14:11 mpouzol kernel: Movable zone start for each node
Apr 06 16:14:11 mpouzol kernel: Early memory node ranges
Apr 06 16:14:11 mpouzol kernel:   node   0: [mem 0x0000000000001000-0x000000000009efff]
Apr 06 16:14:11 mpouzol kernel:   node   0: [mem 0x0000000000100000-0x00000000dffeffff]
Apr 06 16:14:11 mpouzol kernel:   node   0: [mem 0x0000000100000000-0x0000000233efffff]
Apr 06 16:14:11 mpouzol kernel: Initmem setup node 0 [mem 0x0000000000001000-0x0000000233efffff]
Apr 06 16:14:11 mpouzol kernel: On node 0, zone DMA: 1 pages in unavailable ranges
Apr 06 16:14:11 mpouzol kernel: On node 0, zone DMA: 97 pages in unavailable ranges
Apr 06 16:14:11 mpouzol kernel: On node 0, zone Normal: 16 pages in unavailable ranges
Apr 06 16:14:11 mpouzol kernel: On node 0, zone Normal: 16640 pages in unavailable ranges
Apr 06 16:14:11 mpouzol kernel: ACPI: PM-Timer IO Port: 0x4008
Apr 06 16:14:11 mpouzol kernel: IOAPIC[0]: apic_id 4, version 32, address 0xfec00000, GSI 0-23
Apr 06 16:14:11 mpouzol kernel: ACPI: INT_SRC_OVR (bus 0 bus_irq 0 global_irq 2 dfl dfl)
Apr 06 16:14:11 mpouzol kernel: ACPI: INT_SRC_OVR (bus 0 bus_irq 9 global_irq 9 low level)
Apr 06 16:14:11 mpouzol kernel: ACPI: Using ACPI (MADT) for SMP configuration information
Apr 06 16:14:11 mpouzol kernel: smpboot: Allowing 4 CPUs, 0 hotplug CPUs
Apr 06 16:14:11 mpouzol kernel: PM: hibernation: Registered nosave memory: [mem 0x00000000-0x00000fff]
Apr 06 16:14:11 mpouzol kernel: PM: hibernation: Registered nosave memory: [mem 0x0009f000-0x0009ffff]
Apr 06 16:14:11 mpouzol kernel: PM: hibernation: Registered nosave memory: [mem 0x000a0000-0x000effff]
Apr 06 16:14:11 mpouzol kernel: PM: hibernation: Registered nosave memory: [mem 0x000f0000-0x000fffff]
Apr 06 16:14:11 mpouzol kernel: PM: hibernation: Registered nosave memory: [mem 0xdfff0000-0xdfffffff]
Apr 06 16:14:11 mpouzol kernel: PM: hibernation: Registered nosave memory: [mem 0xe0000000-0xfebfffff]
Apr 06 16:14:11 mpouzol kernel: PM: hibernation: Registered nosave memory: [mem 0xfec00000-0xfec00fff]
Apr 06 16:14:11 mpouzol kernel: PM: hibernation: Registered nosave memory: [mem 0xfec01000-0xfedfffff]
Apr 06 16:14:11 mpouzol kernel: PM: hibernation: Registered nosave memory: [mem 0xfee00000-0xfee00fff]
Apr 06 16:14:11 mpouzol kernel: PM: hibernation: Registered nosave memory: [mem 0xfee01000-0xfffbffff]
Apr 06 16:14:11 mpouzol kernel: PM: hibernation: Registered nosave memory: [mem 0xfffc0000-0xffffffff]
Apr 06 16:14:11 mpouzol kernel: [mem 0xe0000000-0xfebfffff] available for PCI devices
Apr 06 16:14:11 mpouzol kernel: Booting paravirtualized kernel on KVM
Apr 06 16:14:11 mpouzol kernel: clocksource: refined-jiffies: mask: 0xffffffff max_cycles: 0xffffffff, max_idle_ns: 6370452778343963 ns
Apr 06 16:14:11 mpouzol kernel: setup_percpu: NR_CPUS:320 nr_cpumask_bits:320 nr_cpu_ids:4 nr_node_ids:1
Apr 06 16:14:11 mpouzol kernel: percpu: Embedded 63 pages/cpu s221184 r8192 d28672 u524288
Apr 06 16:14:11 mpouzol kernel: pcpu-alloc: s221184 r8192 d28672 u524288 alloc=1*2097152
Apr 06 16:14:11 mpouzol kernel: pcpu-alloc: [0] 0 1 2 3 
Apr 06 16:14:11 mpouzol kernel: kvm-guest: PV spinlocks enabled
Apr 06 16:14:11 mpouzol kernel: PV qspinlock hash table entries: 256 (order: 0, 4096 bytes, linear)
Apr 06 16:14:11 mpouzol kernel: Fallback order for Node 0: 0 
Apr 06 16:14:11 mpouzol kernel: Built 1 zonelists, mobility grouping on.  Total pages: 2144500
Apr 06 16:14:11 mpouzol kernel: Policy zone: Normal
Apr 06 16:14:11 mpouzol kernel: Kernel command line: BOOT_IMAGE=/boot/vmlinuz-5.18.0-rc1-next-20220406-mpouzol root=UUID=6d5afe33-937c-43b0-826c-ca6b148c97ff rw loglevel=3 quiet
Apr 06 16:14:11 mpouzol kernel: Unknown kernel command line parameters "BOOT_IMAGE=/boot/vmlinuz-5.18.0-rc1-next-20220406-mpouzol", will be passed to user space.
Apr 06 16:14:11 mpouzol kernel: Dentry cache hash table entries: 2097152 (order: 12, 16777216 bytes, linear)
Apr 06 16:14:11 mpouzol kernel: Inode-cache hash table entries: 1048576 (order: 11, 8388608 bytes, linear)
Apr 06 16:14:11 mpouzol kernel: mem auto-init: stack:byref_all(zero), heap alloc:on, heap free:off
Apr 06 16:14:11 mpouzol kernel: Memory: 8437116K/8714808K available (14343K kernel code, 2105K rwdata, 6320K rodata, 1800K init, 3816K bss, 277432K reserved, 0K cma-reserved)
Apr 06 16:14:11 mpouzol kernel: random: get_random_u64 called from __kmem_cache_create+0x2a/0x4f0 with crng_init=0
Apr 06 16:14:11 mpouzol kernel: SLUB: HWalign=64, Order=0-3, MinObjects=0, CPUs=4, Nodes=1
Apr 06 16:14:11 mpouzol kernel: Kernel/User page tables isolation: enabled
Apr 06 16:14:11 mpouzol kernel: ftrace: allocating 45041 entries in 176 pages
Apr 06 16:14:11 mpouzol kernel: ftrace: allocated 176 pages with 3 groups
Apr 06 16:14:11 mpouzol kernel: Dynamic Preempt: full
Apr 06 16:14:11 mpouzol kernel: rcu: Preemptible hierarchical RCU implementation.
Apr 06 16:14:11 mpouzol kernel: rcu:         RCU restricting CPUs from NR_CPUS=320 to nr_cpu_ids=4.
Apr 06 16:14:11 mpouzol kernel: rcu:         RCU priority boosting: priority 1 delay 500 ms.
Apr 06 16:14:11 mpouzol kernel:         Trampoline variant of Tasks RCU enabled.
Apr 06 16:14:11 mpouzol kernel:         Rude variant of Tasks RCU enabled.
Apr 06 16:14:11 mpouzol kernel:         Tracing variant of Tasks RCU enabled.
Apr 06 16:14:11 mpouzol kernel: rcu: RCU calculated value of scheduler-enlistment delay is 30 jiffies.
Apr 06 16:14:11 mpouzol kernel: rcu: Adjusting geometry for rcu_fanout_leaf=16, nr_cpu_ids=4
Apr 06 16:14:11 mpouzol kernel: NR_IRQS: 20736, nr_irqs: 456, preallocated irqs: 16
Apr 06 16:14:11 mpouzol kernel: kfence: initialized - using 2097152 bytes for 255 objects at 0x(____ptrval____)-0x(____ptrval____)
Apr 06 16:14:11 mpouzol kernel: Console: colour dummy device 80x25
Apr 06 16:14:11 mpouzol kernel: printk: console [tty0] enabled
Apr 06 16:14:11 mpouzol kernel: ACPI: Core revision 20211217
Apr 06 16:14:11 mpouzol kernel: APIC: Switch to symmetric I/O mode setup
Apr 06 16:14:11 mpouzol kernel: x2apic enabled
Apr 06 16:14:11 mpouzol kernel: Switched APIC routing to physical x2apic.
Apr 06 16:14:11 mpouzol kernel: ..TIMER: vector=0x30 apic1=0 pin1=2 apic2=-1 pin2=-1
Apr 06 16:14:11 mpouzol kernel: clocksource: tsc-early: mask: 0xffffffffffffffff max_cycles: 0x22983777dd9, max_idle_ns: 440795300422 ns
Apr 06 16:14:11 mpouzol kernel: Calibrating delay loop (skipped) preset value.. 4801.00 BogoMIPS (lpj=8000000)
Apr 06 16:14:11 mpouzol kernel: pid_max: default: 32768 minimum: 301
Apr 06 16:14:11 mpouzol kernel: LSM: Security Framework initializing
Apr 06 16:14:11 mpouzol kernel: landlock: Up and running.
Apr 06 16:14:11 mpouzol kernel: Yama: becoming mindful.
Apr 06 16:14:11 mpouzol kernel: LSM support for eBPF active
Apr 06 16:14:11 mpouzol kernel: Mount-cache hash table entries: 32768 (order: 6, 262144 bytes, linear)
Apr 06 16:14:11 mpouzol kernel: Mountpoint-cache hash table entries: 32768 (order: 6, 262144 bytes, linear)
Apr 06 16:14:11 mpouzol kernel: unchecked MSR access error: WRMSR to 0x3a (tried to write 0x0000000000000001) at rIP: 0xffffffff8e0718d4 (native_write_msr+0x4/0x20)
Apr 06 16:14:11 mpouzol kernel: Call Trace:
Apr 06 16:14:11 mpouzol kernel:  <TASK>
Apr 06 16:14:11 mpouzol kernel:  init_ia32_feat_ctl+0xb0/0x3d0
Apr 06 16:14:11 mpouzol kernel:  init_intel+0xc9/0x490
Apr 06 16:14:11 mpouzol kernel:  identify_cpu+0x1bd/0x560
Apr 06 16:14:11 mpouzol kernel:  identify_boot_cpu+0xc/0x94
Apr 06 16:14:11 mpouzol kernel:  check_bugs+0x28/0xa95
Apr 06 16:14:11 mpouzol kernel:  ? pmd_val+0x6/0x10
Apr 06 16:14:11 mpouzol kernel:  ? __get_locked_pte+0xce/0x110
Apr 06 16:14:11 mpouzol kernel:  start_kernel+0x999/0x9cf
Apr 06 16:14:11 mpouzol kernel:  secondary_startup_64_no_verify+0xd5/0xdb
Apr 06 16:14:11 mpouzol kernel:  </TASK>
Apr 06 16:14:11 mpouzol kernel: Last level iTLB entries: 4KB 64, 2MB 8, 4MB 8
Apr 06 16:14:11 mpouzol kernel: Last level dTLB entries: 4KB 64, 2MB 0, 4MB 0, 1GB 4
Apr 06 16:14:11 mpouzol kernel: Spectre V1 : Mitigation: usercopy/swapgs barriers and __user pointer sanitization
Apr 06 16:14:11 mpouzol kernel: Spectre V2 : Mitigation: Retpolines
Apr 06 16:14:11 mpouzol kernel: Spectre V2 : Spectre v2 / SpectreRSB mitigation: Filling RSB on context switch
Apr 06 16:14:11 mpouzol kernel: Speculative Store Bypass: Vulnerable
Apr 06 16:14:11 mpouzol kernel: SRBDS: Unknown: Dependent on hypervisor status
Apr 06 16:14:11 mpouzol kernel: MDS: Mitigation: Clear CPU buffers
Apr 06 16:14:11 mpouzol kernel: Freeing SMP alternatives memory: 36K
Apr 06 16:14:11 mpouzol kernel: smpboot: CPU0: Intel(R) Core(TM) i5-9300H CPU @ 2.40GHz (family: 0x6, model: 0x9e, stepping: 0xa)
Apr 06 16:14:11 mpouzol kernel: cblist_init_generic: Setting adjustable number of callback queues.
Apr 06 16:14:11 mpouzol kernel: cblist_init_generic: Setting shift to 2 and lim to 1.
Apr 06 16:14:11 mpouzol kernel: cblist_init_generic: Setting shift to 2 and lim to 1.
Apr 06 16:14:11 mpouzol kernel: cblist_init_generic: Setting shift to 2 and lim to 1.
Apr 06 16:14:11 mpouzol kernel: Performance Events: unsupported p6 CPU model 158 no PMU driver, software events only.
Apr 06 16:14:11 mpouzol kernel: rcu: Hierarchical SRCU implementation.
Apr 06 16:14:11 mpouzol kernel: NMI watchdog: Perf NMI watchdog permanently disabled
Apr 06 16:14:11 mpouzol kernel: smp: Bringing up secondary CPUs ...
Apr 06 16:14:11 mpouzol kernel: x86: Booting SMP configuration:
Apr 06 16:14:11 mpouzol kernel: .... node  #0, CPUs:      #1
Apr 06 16:14:11 mpouzol kernel: Call Trace:
Apr 06 16:14:11 mpouzol kernel:  <TASK>
Apr 06 16:14:11 mpouzol kernel:  init_ia32_feat_ctl+0xaf/0x3d0
Apr 06 16:14:11 mpouzol kernel:  init_intel+0xc9/0x490
Apr 06 16:14:11 mpouzol kernel:  identify_cpu+0x1bd/0x560
Apr 06 16:14:11 mpouzol kernel:  identify_secondary_cpu+0x13/0x80
Apr 06 16:14:11 mpouzol kernel:  smp_store_cpu_info+0x45/0x50
Apr 06 16:14:11 mpouzol kernel:  start_secondary+0x4f/0x150
Apr 06 16:14:11 mpouzol kernel:  secondary_startup_64_no_verify+0xd5/0xdb
Apr 06 16:14:11 mpouzol kernel:  </TASK>
Apr 06 16:14:11 mpouzol kernel:  #2
Apr 06 16:14:11 mpouzol kernel: Call Trace:
Apr 06 16:14:11 mpouzol kernel:  <TASK>
Apr 06 16:14:11 mpouzol kernel:  init_ia32_feat_ctl+0xaf/0x3d0
Apr 06 16:14:11 mpouzol kernel:  init_intel+0xc9/0x490
Apr 06 16:14:11 mpouzol kernel:  identify_cpu+0x1bd/0x560
Apr 06 16:14:11 mpouzol kernel:  identify_secondary_cpu+0x13/0x80
Apr 06 16:14:11 mpouzol kernel:  smp_store_cpu_info+0x45/0x50
Apr 06 16:14:11 mpouzol kernel:  start_secondary+0x4f/0x150
Apr 06 16:14:11 mpouzol kernel:  secondary_startup_64_no_verify+0xd5/0xdb
Apr 06 16:14:11 mpouzol kernel:  </TASK>
Apr 06 16:14:11 mpouzol kernel:  #3
Apr 06 16:14:11 mpouzol kernel: Call Trace:
Apr 06 16:14:11 mpouzol kernel:  <TASK>
Apr 06 16:14:11 mpouzol kernel:  init_ia32_feat_ctl+0xaf/0x3d0
Apr 06 16:14:11 mpouzol kernel:  init_intel+0xc9/0x490
Apr 06 16:14:11 mpouzol kernel:  identify_cpu+0x1bd/0x560
Apr 06 16:14:11 mpouzol kernel:  identify_secondary_cpu+0x13/0x80
Apr 06 16:14:11 mpouzol kernel:  smp_store_cpu_info+0x45/0x50
Apr 06 16:14:11 mpouzol kernel:  start_secondary+0x4f/0x150
Apr 06 16:14:11 mpouzol kernel:  secondary_startup_64_no_verify+0xd5/0xdb
Apr 06 16:14:11 mpouzol kernel:  </TASK>
Apr 06 16:14:11 mpouzol kernel: smp: Brought up 1 node, 4 CPUs
Apr 06 16:14:11 mpouzol kernel: smpboot: Max logical packages: 1
Apr 06 16:14:11 mpouzol kernel: smpboot: Total of 4 processors activated (19207.00 BogoMIPS)
Apr 06 16:14:11 mpouzol kernel: devtmpfs: initialized
Apr 06 16:14:11 mpouzol kernel: x86/mm: Memory block size: 128MB
Apr 06 16:14:11 mpouzol kernel: clocksource: jiffies: mask: 0xffffffff max_cycles: 0xffffffff, max_idle_ns: 6370867519511994 ns
Apr 06 16:14:11 mpouzol kernel: futex hash table entries: 1024 (order: 4, 65536 bytes, linear)
Apr 06 16:14:11 mpouzol kernel: pinctrl core: initialized pinctrl subsystem
Apr 06 16:14:11 mpouzol kernel: PM: RTC time: 16:14:09, date: 2022-04-06
Apr 06 16:14:11 mpouzol kernel: NET: Registered PF_NETLINK/PF_ROUTE protocol family
Apr 06 16:14:11 mpouzol kernel: DMA: preallocated 2048 KiB GFP_KERNEL pool for atomic allocations
Apr 06 16:14:11 mpouzol kernel: DMA: preallocated 2048 KiB GFP_KERNEL|GFP_DMA pool for atomic allocations
Apr 06 16:14:11 mpouzol kernel: DMA: preallocated 2048 KiB GFP_KERNEL|GFP_DMA32 pool for atomic allocations
Apr 06 16:14:11 mpouzol kernel: audit: initializing netlink subsys (disabled)
Apr 06 16:14:11 mpouzol kernel: audit: type=2000 audit(1649264161.137:1): state=initialized audit_enabled=0 res=1
Apr 06 16:14:11 mpouzol kernel: thermal_sys: Registered thermal governor 'fair_share'
Apr 06 16:14:11 mpouzol kernel: thermal_sys: Registered thermal governor 'bang_bang'
Apr 06 16:14:11 mpouzol kernel: thermal_sys: Registered thermal governor 'step_wise'
Apr 06 16:14:11 mpouzol kernel: thermal_sys: Registered thermal governor 'user_space'
Apr 06 16:14:11 mpouzol kernel: thermal_sys: Registered thermal governor 'power_allocator'
Apr 06 16:14:11 mpouzol kernel: cpuidle: using governor ladder
Apr 06 16:14:11 mpouzol kernel: cpuidle: using governor menu
Apr 06 16:14:11 mpouzol kernel: acpiphp: ACPI Hot Plug PCI Controller Driver version: 0.5
Apr 06 16:14:11 mpouzol kernel: PCI: Using configuration type 1 for base access
Apr 06 16:14:11 mpouzol kernel: kprobes: kprobe jump-optimization is enabled. All kprobes are optimized if possible.
Apr 06 16:14:11 mpouzol kernel: HugeTLB registered 2.00 MiB page size, pre-allocated 0 pages
Apr 06 16:14:11 mpouzol kernel: ACPI: Added _OSI(Module Device)
Apr 06 16:14:11 mpouzol kernel: ACPI: Added _OSI(Processor Device)
Apr 06 16:14:11 mpouzol kernel: ACPI: Added _OSI(3.0 _SCP Extensions)
Apr 06 16:14:11 mpouzol kernel: ACPI: Added _OSI(Processor Aggregator Device)
Apr 06 16:14:11 mpouzol kernel: ACPI: Added _OSI(Linux-Dell-Video)
Apr 06 16:14:11 mpouzol kernel: ACPI: Added _OSI(Linux-Lenovo-NV-HDMI-Audio)
Apr 06 16:14:11 mpouzol kernel: ACPI: Added _OSI(Linux-HPI-Hybrid-Graphics)
Apr 06 16:14:11 mpouzol kernel: ACPI: 2 ACPI AML tables successfully acquired and loaded
Apr 06 16:14:11 mpouzol kernel: ACPI: Interpreter enabled
Apr 06 16:14:11 mpouzol kernel: ACPI: PM: (supports S0 S5)
Apr 06 16:14:11 mpouzol kernel: ACPI: Using IOAPIC for interrupt routing
Apr 06 16:14:11 mpouzol kernel: PCI: Using host bridge windows from ACPI; if necessary, use "pci=nocrs" and report a bug
Apr 06 16:14:11 mpouzol kernel: ACPI: Enabled 2 GPEs in block 00 to 07
Apr 06 16:14:11 mpouzol kernel: ACPI: PCI Root Bridge [PCI0] (domain 0000 [bus 00-ff])
Apr 06 16:14:11 mpouzol kernel: acpi PNP0A03:00: _OSC: OS supports [ASPM ClockPM Segments MSI EDR HPX-Type3]
Apr 06 16:14:11 mpouzol kernel: acpi PNP0A03:00: _OSC: not requesting OS control; OS requires [ExtendedConfig ASPM ClockPM MSI]
Apr 06 16:14:11 mpouzol kernel: acpi PNP0A03:00: fail to add MMCONFIG information, can't access extended PCI configuration space under this bridge.
Apr 06 16:14:11 mpouzol kernel: PCI host bridge to bus 0000:00
Apr 06 16:14:11 mpouzol kernel: pci_bus 0000:00: root bus resource [io  0x0000-0x0cf7 window]
Apr 06 16:14:11 mpouzol kernel: pci_bus 0000:00: root bus resource [io  0x0d00-0xffff window]
Apr 06 16:14:11 mpouzol kernel: pci_bus 0000:00: root bus resource [mem 0x000a0000-0x000bffff window]
Apr 06 16:14:11 mpouzol kernel: pci_bus 0000:00: root bus resource [mem 0xe0000000-0xfdffffff window]
Apr 06 16:14:11 mpouzol kernel: pci_bus 0000:00: root bus resource [bus 00-ff]
Apr 06 16:14:11 mpouzol kernel: pci 0000:00:00.0: [8086:1237] type 00 class 0x060000
Apr 06 16:14:11 mpouzol kernel: pci 0000:00:01.0: [8086:7000] type 00 class 0x060100
Apr 06 16:14:11 mpouzol kernel: pci 0000:00:01.1: [8086:7111] type 00 class 0x01018a
Apr 06 16:14:11 mpouzol kernel: pci 0000:00:01.1: reg 0x20: [io  0xd000-0xd00f]
Apr 06 16:14:11 mpouzol kernel: pci 0000:00:01.1: legacy IDE quirk: reg 0x10: [io  0x01f0-0x01f7]
Apr 06 16:14:11 mpouzol kernel: pci 0000:00:01.1: legacy IDE quirk: reg 0x14: [io  0x03f6]
Apr 06 16:14:11 mpouzol kernel: pci 0000:00:01.1: legacy IDE quirk: reg 0x18: [io  0x0170-0x0177]
Apr 06 16:14:11 mpouzol kernel: pci 0000:00:01.1: legacy IDE quirk: reg 0x1c: [io  0x0376]
Apr 06 16:14:11 mpouzol kernel: pci 0000:00:02.0: [15ad:0405] type 00 class 0x030000
Apr 06 16:14:11 mpouzol kernel: pci 0000:00:02.0: reg 0x10: [io  0xd010-0xd01f]
Apr 06 16:14:11 mpouzol kernel: pci 0000:00:02.0: reg 0x14: [mem 0xf0000000-0xf0ffffff pref]
Apr 06 16:14:11 mpouzol kernel: pci 0000:00:02.0: reg 0x18: [mem 0xf1000000-0xf11fffff]
Apr 06 16:14:11 mpouzol kernel: pci 0000:00:02.0: Video device with shadowed ROM at [mem 0x000c0000-0x000dffff]
Apr 06 16:14:11 mpouzol kernel: pci 0000:00:03.0: [8086:100e] type 00 class 0x020000
Apr 06 16:14:11 mpouzol kernel: pci 0000:00:03.0: reg 0x10: [mem 0xf1200000-0xf121ffff]
Apr 06 16:14:11 mpouzol kernel: pci 0000:00:03.0: reg 0x18: [io  0xd020-0xd027]
Apr 06 16:14:11 mpouzol kernel: pci 0000:00:04.0: [80ee:cafe] type 00 class 0x088000
Apr 06 16:14:11 mpouzol kernel: pci 0000:00:04.0: reg 0x10: [io  0xd040-0xd05f]
Apr 06 16:14:11 mpouzol kernel: pci 0000:00:04.0: reg 0x14: [mem 0xf1400000-0xf17fffff]
Apr 06 16:14:11 mpouzol kernel: pci 0000:00:04.0: reg 0x18: [mem 0xf1800000-0xf1803fff pref]
Apr 06 16:14:11 mpouzol kernel: pci 0000:00:05.0: [8086:2415] type 00 class 0x040100
Apr 06 16:14:11 mpouzol kernel: pci 0000:00:05.0: reg 0x10: [io  0xd100-0xd1ff]
Apr 06 16:14:11 mpouzol kernel: pci 0000:00:05.0: reg 0x14: [io  0xd200-0xd23f]
Apr 06 16:14:11 mpouzol kernel: pci 0000:00:06.0: [106b:003f] type 00 class 0x0c0310
Apr 06 16:14:11 mpouzol kernel: pci 0000:00:06.0: reg 0x10: [mem 0xf1804000-0xf1804fff]
Apr 06 16:14:11 mpouzol kernel: pci 0000:00:07.0: [8086:7113] type 00 class 0x068000
Apr 06 16:14:11 mpouzol kernel: pci 0000:00:07.0: quirk: [io  0x4000-0x403f] claimed by PIIX4 ACPI
Apr 06 16:14:11 mpouzol kernel: pci 0000:00:07.0: quirk: [io  0x4100-0x410f] claimed by PIIX4 SMB
Apr 06 16:14:11 mpouzol kernel: pci 0000:00:0b.0: [8086:265c] type 00 class 0x0c0320
Apr 06 16:14:11 mpouzol kernel: pci 0000:00:0b.0: reg 0x10: [mem 0xf1805000-0xf1805fff]
Apr 06 16:14:11 mpouzol kernel: pci 0000:00:0d.0: [8086:2829] type 00 class 0x010601
Apr 06 16:14:11 mpouzol kernel: pci 0000:00:0d.0: reg 0x10: [io  0xd240-0xd247]
Apr 06 16:14:11 mpouzol kernel: pci 0000:00:0d.0: reg 0x14: [io  0xd248-0xd24b]
Apr 06 16:14:11 mpouzol kernel: pci 0000:00:0d.0: reg 0x18: [io  0xd250-0xd257]
Apr 06 16:14:11 mpouzol kernel: pci 0000:00:0d.0: reg 0x1c: [io  0xd258-0xd25b]
Apr 06 16:14:11 mpouzol kernel: pci 0000:00:0d.0: reg 0x20: [io  0xd260-0xd26f]
Apr 06 16:14:11 mpouzol kernel: pci 0000:00:0d.0: reg 0x24: [mem 0xf1806000-0xf1807fff]
Apr 06 16:14:11 mpouzol kernel: ACPI: PCI: Interrupt link LNKA configured for IRQ 11
Apr 06 16:14:11 mpouzol kernel: ACPI: PCI: Interrupt link LNKB configured for IRQ 10
Apr 06 16:14:11 mpouzol kernel: ACPI: PCI: Interrupt link LNKC configured for IRQ 9
Apr 06 16:14:11 mpouzol kernel: ACPI: PCI: Interrupt link LNKD configured for IRQ 11
Apr 06 16:14:11 mpouzol kernel: iommu: Default domain type: Translated 
Apr 06 16:14:11 mpouzol kernel: iommu: DMA domain TLB invalidation policy: lazy mode 
Apr 06 16:14:11 mpouzol kernel: SCSI subsystem initialized
Apr 06 16:14:11 mpouzol kernel: libata version 3.00 loaded.
Apr 06 16:14:11 mpouzol kernel: ACPI: bus type USB registered
Apr 06 16:14:11 mpouzol kernel: usbcore: registered new interface driver usbfs
Apr 06 16:14:11 mpouzol kernel: usbcore: registered new interface driver hub
Apr 06 16:14:11 mpouzol kernel: usbcore: registered new device driver usb
Apr 06 16:14:11 mpouzol kernel: pps_core: LinuxPPS API ver. 1 registered
Apr 06 16:14:11 mpouzol kernel: pps_core: Software ver. 5.3.6 - Copyright 2005-2007 Rodolfo Giometti <giometti@linux.it>
Apr 06 16:14:11 mpouzol kernel: PTP clock support registered
Apr 06 16:14:11 mpouzol kernel: EDAC MC: Ver: 3.0.0
Apr 06 16:14:11 mpouzol kernel: NetLabel: Initializing
Apr 06 16:14:11 mpouzol kernel: NetLabel:  domain hash size = 128
Apr 06 16:14:11 mpouzol kernel: NetLabel:  protocols = UNLABELED CIPSOv4 CALIPSO
Apr 06 16:14:11 mpouzol kernel: NetLabel:  unlabeled traffic allowed by default
Apr 06 16:14:11 mpouzol kernel: mctp: management component transport protocol core
Apr 06 16:14:11 mpouzol kernel: NET: Registered PF_MCTP protocol family
Apr 06 16:14:11 mpouzol kernel: PCI: Using ACPI for IRQ routing
Apr 06 16:14:11 mpouzol kernel: PCI: pci_cache_line_size set to 64 bytes
Apr 06 16:14:11 mpouzol kernel: e820: reserve RAM buffer [mem 0x0009fc00-0x0009ffff]
Apr 06 16:14:11 mpouzol kernel: e820: reserve RAM buffer [mem 0xdfff0000-0xdfffffff]
Apr 06 16:14:11 mpouzol kernel: e820: reserve RAM buffer [mem 0x233f00000-0x233ffffff]
Apr 06 16:14:11 mpouzol kernel: pci 0000:00:02.0: vgaarb: setting as boot VGA device
Apr 06 16:14:11 mpouzol kernel: pci 0000:00:02.0: vgaarb: bridge control possible
Apr 06 16:14:11 mpouzol kernel: pci 0000:00:02.0: vgaarb: VGA device added: decodes=io+mem,owns=io+mem,locks=none
Apr 06 16:14:11 mpouzol kernel: vgaarb: loaded
Apr 06 16:14:11 mpouzol kernel: clocksource: Switched to clocksource kvm-clock
Apr 06 16:14:11 mpouzol kernel: VFS: Disk quotas dquot_6.6.0
Apr 06 16:14:11 mpouzol kernel: VFS: Dquot-cache hash table entries: 512 (order 0, 4096 bytes)
Apr 06 16:14:11 mpouzol kernel: pnp: PnP ACPI init
Apr 06 16:14:11 mpouzol kernel: pnp: PnP ACPI: found 2 devices
Apr 06 16:14:11 mpouzol kernel: clocksource: acpi_pm: mask: 0xffffff max_cycles: 0xffffff, max_idle_ns: 2085701024 ns
Apr 06 16:14:11 mpouzol kernel: NET: Registered PF_INET protocol family
Apr 06 16:14:11 mpouzol kernel: IP idents hash table entries: 262144 (order: 9, 2097152 bytes, linear)
Apr 06 16:14:11 mpouzol kernel: tcp_listen_portaddr_hash hash table entries: 8192 (order: 5, 131072 bytes, linear)
Apr 06 16:14:11 mpouzol kernel: TCP established hash table entries: 131072 (order: 8, 1048576 bytes, linear)
Apr 06 16:14:11 mpouzol kernel: TCP bind hash table entries: 65536 (order: 8, 1048576 bytes, linear)
Apr 06 16:14:11 mpouzol kernel: TCP: Hash tables configured (established 131072 bind 65536)
Apr 06 16:14:11 mpouzol kernel: MPTCP token hash table entries: 16384 (order: 6, 393216 bytes, linear)
Apr 06 16:14:11 mpouzol kernel: UDP hash table entries: 8192 (order: 6, 262144 bytes, linear)
Apr 06 16:14:11 mpouzol kernel: UDP-Lite hash table entries: 8192 (order: 6, 262144 bytes, linear)
Apr 06 16:14:11 mpouzol kernel: NET: Registered PF_UNIX/PF_LOCAL protocol family
Apr 06 16:14:11 mpouzol kernel: NET: Registered PF_XDP protocol family
Apr 06 16:14:11 mpouzol kernel: pci_bus 0000:00: resource 4 [io  0x0000-0x0cf7 window]
Apr 06 16:14:11 mpouzol kernel: pci_bus 0000:00: resource 5 [io  0x0d00-0xffff window]
Apr 06 16:14:11 mpouzol kernel: pci_bus 0000:00: resource 6 [mem 0x000a0000-0x000bffff window]
Apr 06 16:14:11 mpouzol kernel: pci_bus 0000:00: resource 7 [mem 0xe0000000-0xfdffffff window]
Apr 06 16:14:11 mpouzol kernel: pci 0000:00:00.0: Limiting direct PCI/PCI transfers
Apr 06 16:14:11 mpouzol kernel: pci 0000:00:01.0: Activating ISA DMA hang workarounds
Apr 06 16:14:11 mpouzol kernel: PCI: CLS 0 bytes, default 64
Apr 06 16:14:11 mpouzol kernel: Trying to unpack rootfs image as initramfs...
Apr 06 16:14:11 mpouzol kernel: PCI-DMA: Using software bounce buffering for IO (SWIOTLB)
Apr 06 16:14:11 mpouzol kernel: software IO TLB: mapped [mem 0x00000000dbff0000-0x00000000dfff0000] (64MB)
Apr 06 16:14:11 mpouzol kernel: clocksource: tsc: mask: 0xffffffffffffffff max_cycles: 0x22983777dd9, max_idle_ns: 440795300422 ns
Apr 06 16:14:11 mpouzol kernel: clocksource: Switched to clocksource tsc
Apr 06 16:14:11 mpouzol kernel: platform rtc_cmos: registered platform RTC device (no PNP device found)
Apr 06 16:14:11 mpouzol kernel: Initialise system trusted keyrings
Apr 06 16:14:11 mpouzol kernel: Key type blacklist registered
Apr 06 16:14:11 mpouzol kernel: workingset: timestamp_bits=41 max_order=22 bucket_order=0
Apr 06 16:14:11 mpouzol kernel: zbud: loaded
Apr 06 16:14:11 mpouzol kernel: Key type asymmetric registered
Apr 06 16:14:11 mpouzol kernel: Asymmetric key parser 'x509' registered
Apr 06 16:14:11 mpouzol kernel: Freeing initrd memory: 8628K
Apr 06 16:14:11 mpouzol kernel: alg: self-tests for CTR-KDF (hmac(sha256)) passed
Apr 06 16:14:11 mpouzol kernel: Block layer SCSI generic (bsg) driver version 0.4 loaded (major 242)
Apr 06 16:14:11 mpouzol kernel: io scheduler mq-deadline registered
Apr 06 16:14:11 mpouzol kernel: io scheduler kyber registered
Apr 06 16:14:11 mpouzol kernel: io scheduler bfq registered
Apr 06 16:14:11 mpouzol kernel: shpchp: Standard Hot Plug PCI Controller Driver version: 0.4
Apr 06 16:14:11 mpouzol kernel: ACPI: AC: AC Adapter [AC] (on-line)
Apr 06 16:14:11 mpouzol kernel: input: Power Button as /devices/LNXSYSTM:00/LNXPWRBN:00/input/input0
Apr 06 16:14:11 mpouzol kernel: ACPI: button: Power Button [PWRF]
Apr 06 16:14:11 mpouzol kernel: input: Sleep Button as /devices/LNXSYSTM:00/LNXSLPBN:00/input/input1
Apr 06 16:14:11 mpouzol kernel: ACPI: button: Sleep Button [SLPF]
Apr 06 16:14:11 mpouzol kernel: ACPI: battery: Slot [BAT0] (battery present)
Apr 06 16:14:11 mpouzol kernel: Serial: 8250/16550 driver, 32 ports, IRQ sharing enabled
Apr 06 16:14:11 mpouzol kernel: Non-volatile memory driver v1.3
Apr 06 16:14:11 mpouzol kernel: Linux agpgart interface v0.103
Apr 06 16:14:11 mpouzol kernel: AMD-Vi: AMD IOMMUv2 functionality not available on this system - This is not a bug.
Apr 06 16:14:11 mpouzol kernel: ACPI: bus type drm_connector registered
Apr 06 16:14:11 mpouzol kernel: ahci 0000:00:0d.0: version 3.0
Apr 06 16:14:11 mpouzol kernel: ahci 0000:00:0d.0: SSS flag set, parallel bus scan disabled
Apr 06 16:14:11 mpouzol kernel: ahci 0000:00:0d.0: AHCI 0001.0100 32 slots 1 ports 3 Gbps 0x1 impl SATA mode
Apr 06 16:14:11 mpouzol kernel: ahci 0000:00:0d.0: flags: 64bit ncq stag only ccc 
Apr 06 16:14:11 mpouzol kernel: scsi host0: ahci
Apr 06 16:14:11 mpouzol kernel: ata1: SATA max UDMA/133 abar m8192@0xf1806000 port 0xf1806100 irq 21
Apr 06 16:14:11 mpouzol kernel: ehci_hcd: USB 2.0 'Enhanced' Host Controller (EHCI) Driver
Apr 06 16:14:11 mpouzol kernel: ehci-pci: EHCI PCI platform driver
Apr 06 16:14:11 mpouzol kernel: ehci-pci 0000:00:0b.0: EHCI Host Controller
Apr 06 16:14:11 mpouzol kernel: ehci-pci 0000:00:0b.0: new USB bus registered, assigned bus number 1
Apr 06 16:14:11 mpouzol kernel: ehci-pci 0000:00:0b.0: irq 19, io mem 0xf1805000
Apr 06 16:14:11 mpouzol kernel: ehci-pci 0000:00:0b.0: USB 2.0 started, EHCI 1.00
Apr 06 16:14:11 mpouzol kernel: usb usb1: New USB device found, idVendor=1d6b, idProduct=0002, bcdDevice= 5.18
Apr 06 16:14:11 mpouzol kernel: usb usb1: New USB device strings: Mfr=3, Product=2, SerialNumber=1
Apr 06 16:14:11 mpouzol kernel: usb usb1: Product: EHCI Host Controller
Apr 06 16:14:11 mpouzol kernel: usb usb1: Manufacturer: Linux 5.18.0-rc1-next-20220406-mpouzol ehci_hcd
Apr 06 16:14:11 mpouzol kernel: usb usb1: SerialNumber: 0000:00:0b.0
Apr 06 16:14:11 mpouzol kernel: hub 1-0:1.0: USB hub found
Apr 06 16:14:11 mpouzol kernel: hub 1-0:1.0: 12 ports detected
Apr 06 16:14:11 mpouzol kernel: ohci_hcd: USB 1.1 'Open' Host Controller (OHCI) Driver
Apr 06 16:14:11 mpouzol kernel: ohci-pci: OHCI PCI platform driver
Apr 06 16:14:11 mpouzol kernel: ohci-pci 0000:00:06.0: OHCI PCI host controller
Apr 06 16:14:11 mpouzol kernel: ohci-pci 0000:00:06.0: new USB bus registered, assigned bus number 2
Apr 06 16:14:11 mpouzol kernel: ohci-pci 0000:00:06.0: irq 22, io mem 0xf1804000
Apr 06 16:14:11 mpouzol kernel: usb usb2: New USB device found, idVendor=1d6b, idProduct=0001, bcdDevice= 5.18
Apr 06 16:14:11 mpouzol kernel: usb usb2: New USB device strings: Mfr=3, Product=2, SerialNumber=1
Apr 06 16:14:11 mpouzol kernel: usb usb2: Product: OHCI PCI host controller
Apr 06 16:14:11 mpouzol kernel: usb usb2: Manufacturer: Linux 5.18.0-rc1-next-20220406-mpouzol ohci_hcd
Apr 06 16:14:11 mpouzol kernel: usb usb2: SerialNumber: 0000:00:06.0
Apr 06 16:14:11 mpouzol kernel: hub 2-0:1.0: USB hub found
Apr 06 16:14:11 mpouzol kernel: hub 2-0:1.0: 12 ports detected
Apr 06 16:14:11 mpouzol kernel: uhci_hcd: USB Universal Host Controller Interface driver
Apr 06 16:14:11 mpouzol kernel: usbcore: registered new interface driver usbserial_generic
Apr 06 16:14:11 mpouzol kernel: usbserial: USB Serial support registered for generic
Apr 06 16:14:11 mpouzol kernel: rtc_cmos rtc_cmos: registered as rtc0
Apr 06 16:14:11 mpouzol kernel: rtc_cmos rtc_cmos: setting system clock to 2022-04-06T16:14:09 UTC (1649261649)
Apr 06 16:14:11 mpouzol kernel: rtc_cmos rtc_cmos: alarms up to one day, 114 bytes nvram
Apr 06 16:14:11 mpouzol kernel: intel_pstate: CPU model not supported
Apr 06 16:14:11 mpouzol kernel: ledtrig-cpu: registered to indicate activity on CPUs
Apr 06 16:14:11 mpouzol kernel: vesafb: mode is 640x480x32, linelength=2560, pages=0
Apr 06 16:14:11 mpouzol kernel: vesafb: scrolling: redraw
Apr 06 16:14:11 mpouzol kernel: vesafb: Truecolor: size=8:8:8:8, shift=24:16:8:0
Apr 06 16:14:11 mpouzol kernel: vesafb: framebuffer at 0xf0000000, mapped to 0x00000000d47f68d9, using 1216k, total 1216k
Apr 06 16:14:11 mpouzol kernel: fbcon: Deferring console take-over
Apr 06 16:14:11 mpouzol kernel: fb0: VESA VGA frame buffer device
Apr 06 16:14:11 mpouzol kernel: hid: raw HID events driver (C) Jiri Kosina
Apr 06 16:14:11 mpouzol kernel: intel_pmc_core intel_pmc_core.0:  initialized
Apr 06 16:14:11 mpouzol kernel: drop_monitor: Initializing network drop monitor service
Apr 06 16:14:11 mpouzol kernel: Initializing XFRM netlink socket
Apr 06 16:14:11 mpouzol kernel: NET: Registered PF_INET6 protocol family
Apr 06 16:14:11 mpouzol kernel: Segment Routing with IPv6
Apr 06 16:14:11 mpouzol kernel: RPL Segment Routing with IPv6
Apr 06 16:14:11 mpouzol kernel: In-situ OAM (IOAM) with IPv6
Apr 06 16:14:11 mpouzol kernel: NET: Registered PF_PACKET protocol family
Apr 06 16:14:11 mpouzol kernel: IPI shorthand broadcast: enabled
Apr 06 16:14:11 mpouzol kernel: sched_clock: Marking stable (531943782, 2080780)->(536950182, -2925620)
Apr 06 16:14:11 mpouzol kernel: registered taskstats version 1
Apr 06 16:14:11 mpouzol kernel: Loading compiled-in X.509 certificates
Apr 06 16:14:11 mpouzol kernel: Loaded X.509 cert 'Build time autogenerated kernel key: fef0862ff998ca51b9ff09a830717621ff1043cd'
Apr 06 16:14:11 mpouzol kernel: zswap: loaded using pool lz4/z3fold
Apr 06 16:14:11 mpouzol kernel: Key type ._fscrypt registered
Apr 06 16:14:11 mpouzol kernel: Key type .fscrypt registered
Apr 06 16:14:11 mpouzol kernel: Key type fscrypt-provisioning registered
Apr 06 16:14:11 mpouzol kernel: PM:   Magic number: 2:303:236
Apr 06 16:14:11 mpouzol kernel: rtc_cmos rtc_cmos: hash matches
Apr 06 16:14:11 mpouzol kernel: RAS: Correctable Errors collector initialized.
Apr 06 16:14:11 mpouzol kernel: ata1: SATA link up 3.0 Gbps (SStatus 123 SControl 300)
Apr 06 16:14:11 mpouzol kernel: ata1.00: ATA-6: VBOX HARDDISK, 1.0, max UDMA/133
Apr 06 16:14:11 mpouzol kernel: ata1.00: 80758080 sectors, multi 128: LBA48 NCQ (depth 32)
Apr 06 16:14:11 mpouzol kernel: ata1.00: configured for UDMA/133
Apr 06 16:14:11 mpouzol kernel: scsi 0:0:0:0: Direct-Access     ATA      VBOX HARDDISK    1.0  PQ: 0 ANSI: 5
Apr 06 16:14:11 mpouzol kernel: sd 0:0:0:0: [sda] 80758080 512-byte logical blocks: (41.3 GB/38.5 GiB)
Apr 06 16:14:11 mpouzol kernel: sd 0:0:0:0: [sda] Write Protect is off
Apr 06 16:14:11 mpouzol kernel: sd 0:0:0:0: [sda] Mode Sense: 00 3a 00 00
Apr 06 16:14:11 mpouzol kernel: sd 0:0:0:0: [sda] Write cache: enabled, read cache: enabled, doesn't support DPO or FUA
Apr 06 16:14:11 mpouzol kernel:  sda: sda1 sda2
Apr 06 16:14:11 mpouzol kernel: usb 2-1: new full-speed USB device number 2 using ohci-pci
Apr 06 16:14:11 mpouzol kernel: sd 0:0:0:0: [sda] Attached SCSI disk
Apr 06 16:14:11 mpouzol kernel: Freeing unused decrypted memory: 2036K
Apr 06 16:14:11 mpouzol kernel: Freeing unused kernel image (initmem) memory: 1800K
Apr 06 16:14:11 mpouzol kernel: Write protecting the kernel read-only data: 24576k
Apr 06 16:14:11 mpouzol kernel: Freeing unused kernel image (text/rodata gap) memory: 2040K
Apr 06 16:14:11 mpouzol kernel: Freeing unused kernel image (rodata/data gap) memory: 1872K
Apr 06 16:14:11 mpouzol kernel: x86/mm: Checked W+X mappings: passed, no W+X pages found.
Apr 06 16:14:11 mpouzol kernel: rodata_test: all tests were successful
Apr 06 16:14:11 mpouzol kernel: x86/mm: Checking user space page tables
Apr 06 16:14:11 mpouzol kernel: x86/mm: Checked W+X mappings: passed, no W+X pages found.
Apr 06 16:14:11 mpouzol kernel: Run /init as init process
Apr 06 16:14:11 mpouzol kernel:   with arguments:
Apr 06 16:14:11 mpouzol kernel:     /init
Apr 06 16:14:11 mpouzol kernel:   with environment:
Apr 06 16:14:11 mpouzol kernel:     HOME=/
Apr 06 16:14:11 mpouzol kernel:     TERM=linux
Apr 06 16:14:11 mpouzol kernel:     BOOT_IMAGE=/boot/vmlinuz-5.18.0-rc1-next-20220406-mpouzol
Apr 06 16:14:11 mpouzol kernel: fbcon: Taking over console
Apr 06 16:14:11 mpouzol kernel: Console: switching to colour frame buffer device 80x30
Apr 06 16:14:11 mpouzol kernel: ata_piix 0000:00:01.1: version 2.13
Apr 06 16:14:11 mpouzol kernel: scsi host1: ata_piix
Apr 06 16:14:11 mpouzol kernel: i8042: PNP: PS/2 Controller [PNP0303:PS2K,PNP0f03:PS2M] at 0x60,0x64 irq 1,12
Apr 06 16:14:11 mpouzol kernel: scsi host2: ata_piix
Apr 06 16:14:11 mpouzol kernel: ata2: PATA max UDMA/33 cmd 0x1f0 ctl 0x3f6 bmdma 0xd000 irq 14
Apr 06 16:14:11 mpouzol kernel: ata3: PATA max UDMA/33 cmd 0x170 ctl 0x376 bmdma 0xd008 irq 15
Apr 06 16:14:11 mpouzol kernel: serio: i8042 KBD port at 0x60,0x64 irq 1
Apr 06 16:14:11 mpouzol kernel: serio: i8042 AUX port at 0x60,0x64 irq 12
Apr 06 16:14:11 mpouzol kernel: usb 2-1: New USB device found, idVendor=80ee, idProduct=0021, bcdDevice= 1.00
Apr 06 16:14:11 mpouzol kernel: usb 2-1: New USB device strings: Mfr=1, Product=3, SerialNumber=0
Apr 06 16:14:11 mpouzol kernel: usb 2-1: Product: USB Tablet
Apr 06 16:14:11 mpouzol kernel: usb 2-1: Manufacturer: VirtualBox
Apr 06 16:14:11 mpouzol kernel: ata3.00: ATAPI: VBOX CD-ROM, 1.0, max UDMA/133
Apr 06 16:14:11 mpouzol kernel: scsi 2:0:0:0: CD-ROM            VBOX     CD-ROM           1.0  PQ: 0 ANSI: 5
Apr 06 16:14:11 mpouzol kernel: input: AT Translated Set 2 keyboard as /devices/platform/i8042/serio0/input/input2
Apr 06 16:14:11 mpouzol kernel: sr 2:0:0:0: [sr0] scsi3-mmc drive: 32x/32x xa/form2 tray
Apr 06 16:14:11 mpouzol kernel: cdrom: Uniform CD-ROM driver Revision: 3.20
Apr 06 16:14:11 mpouzol kernel: sr 2:0:0:0: Attached scsi CD-ROM sr0
Apr 06 16:14:11 mpouzol kernel: usb 2-2: new full-speed USB device number 3 using ohci-pci
Apr 06 16:14:11 mpouzol kernel: usb 2-2: New USB device found, idVendor=0cf3, idProduct=e009, bcdDevice= 0.01
Apr 06 16:14:11 mpouzol kernel: usb 2-2: New USB device strings: Mfr=0, Product=0, SerialNumber=0
Apr 06 16:14:11 mpouzol kernel: input: VirtualBox USB Tablet as /devices/pci0000:00/0000:00:06.0/usb2/2-1/2-1:1.0/0003:80EE:0021.0001/input/input4
Apr 06 16:14:11 mpouzol kernel: hid-generic 0003:80EE:0021.0001: input,hidraw0: USB HID v1.10 Mouse [VirtualBox USB Tablet] on usb-0000:00:06.0-1/input0
Apr 06 16:14:11 mpouzol kernel: usbcore: registered new interface driver usbhid
Apr 06 16:14:11 mpouzol kernel: usbhid: USB HID core driver
Apr 06 16:14:11 mpouzol kernel: random: fast init done
Apr 06 16:14:11 mpouzol kernel: EXT4-fs (sda2): mounted filesystem with ordered data mode. Quota mode: none.
Apr 06 16:14:11 mpouzol systemd[1]: systemd 250.4-1-arch running in system mode (+PAM +AUDIT -SELINUX -APPARMOR -IMA +SMACK +SECCOMP +GCRYPT +GNUTLS +OPENSSL +ACL +BLKID +CURL +ELFUTILS +FIDO2 +IDN2 -IDN +IPTC +KMOD +LIBCRYPTSETUP +LIBFDISK +PCRE2 -PWQUALITY +P11KIT -QRENCODE +BZIP2 +LZ4 +XZ +ZLIB +ZSTD -BPF_FRAMEWORK +XKBCOMMON +UTMP -SYSVINIT default-hierarchy=unified)
Apr 06 16:14:11 mpouzol systemd[1]: Detected virtualization oracle.
Apr 06 16:14:11 mpouzol systemd[1]: Detected architecture x86-64.
Apr 06 16:14:11 mpouzol systemd[1]: Hostname set to <mpouzol>.
Apr 06 16:14:11 mpouzol systemd-fstab-generator[203]: Failed to create unit file /run/systemd/generator/-.mount, as it already exists. Duplicate entry in /etc/fstab?
Apr 06 16:14:11 mpouzol systemd-fstab-generator[203]: Failed to create unit file /run/systemd/generator/-.mount, as it already exists. Duplicate entry in /etc/fstab?
Apr 06 16:14:11 mpouzol systemd-fstab-generator[203]: Failed to create unit file /run/systemd/generator/-.mount, as it already exists. Duplicate entry in /etc/fstab?
Apr 06 16:14:11 mpouzol systemd[199]: /usr/lib/systemd/system-generators/systemd-fstab-generator failed with exit status 1.
Apr 06 16:14:11 mpouzol systemd[1]: Queued start job for default target Graphical Interface.
Apr 06 16:14:11 mpouzol systemd[1]: Created slice Slice /system/getty.
Apr 06 16:14:11 mpouzol systemd[1]: Created slice Slice /system/modprobe.
Apr 06 16:14:11 mpouzol systemd[1]: Created slice User and Session Slice.
Apr 06 16:14:11 mpouzol systemd[1]: Started Dispatch Password Requests to Console Directory Watch.
Apr 06 16:14:11 mpouzol systemd[1]: Started Forward Password Requests to Wall Directory Watch.
Apr 06 16:14:11 mpouzol systemd[1]: Set up automount Arbitrary Executable File Formats File System Automount Point.
Apr 06 16:14:11 mpouzol systemd[1]: Reached target Local Encrypted Volumes.
Apr 06 16:14:11 mpouzol systemd[1]: Reached target Login Prompts.
Apr 06 16:14:11 mpouzol systemd[1]: Reached target Local Integrity Protected Volumes.
Apr 06 16:14:11 mpouzol systemd[1]: Reached target Path Units.
Apr 06 16:14:11 mpouzol systemd[1]: Reached target Remote File Systems.
Apr 06 16:14:11 mpouzol systemd[1]: Reached target Slice Units.
Apr 06 16:14:11 mpouzol systemd[1]: Reached target Swaps.
Apr 06 16:14:11 mpouzol systemd[1]: Reached target Local Verity Protected Volumes.
Apr 06 16:14:11 mpouzol systemd[1]: Listening on Device-mapper event daemon FIFOs.
Apr 06 16:14:11 mpouzol systemd[1]: Listening on LVM2 poll daemon socket.
Apr 06 16:14:11 mpouzol systemd[1]: Listening on Process Core Dump Socket.
Apr 06 16:14:11 mpouzol systemd[1]: Listening on Journal Audit Socket.
Apr 06 16:14:11 mpouzol systemd[1]: Listening on Journal Socket (/dev/log).
Apr 06 16:14:11 mpouzol systemd[1]: Listening on Journal Socket.
Apr 06 16:14:11 mpouzol systemd[1]: Listening on udev Control Socket.
Apr 06 16:14:11 mpouzol systemd[1]: Listening on udev Kernel Socket.
Apr 06 16:14:11 mpouzol systemd[1]: Mounting Huge Pages File System...
Apr 06 16:14:11 mpouzol systemd[1]: Mounting POSIX Message Queue File System...
Apr 06 16:14:11 mpouzol systemd[1]: Mounting Kernel Debug File System...
Apr 06 16:14:11 mpouzol systemd[1]: Mounting Kernel Trace File System...
Apr 06 16:14:11 mpouzol systemd[1]: Mounting Temporary Directory /tmp...
Apr 06 16:14:11 mpouzol systemd[1]: Starting Create List of Static Device Nodes...
Apr 06 16:14:11 mpouzol systemd[1]: Starting Monitoring of LVM2 mirrors, snapshots etc. using dmeventd or progress polling...
Apr 06 16:14:11 mpouzol systemd[1]: Starting Load Kernel Module configfs...
Apr 06 16:14:11 mpouzol systemd[1]: Starting Load Kernel Module drm...
Apr 06 16:14:11 mpouzol systemd[1]: Starting Load Kernel Module fuse...
Apr 06 16:14:11 mpouzol systemd[1]: File System Check on Root Device was skipped because of a failed condition check (ConditionPathIsReadWrite=!/).
Apr 06 16:14:11 mpouzol systemd[1]: Starting Journal Service...
Apr 06 16:14:11 mpouzol systemd[1]: Starting Load Kernel Modules...
Apr 06 16:14:11 mpouzol systemd[1]: Starting Remount Root and Kernel File Systems...
Apr 06 16:14:11 mpouzol systemd[1]: Repartition Root Disk was skipped because all trigger condition checks failed.
Apr 06 16:14:11 mpouzol systemd[1]: Starting Coldplug All udev Devices...
Apr 06 16:14:11 mpouzol systemd[1]: Mounted Huge Pages File System.
Apr 06 16:14:11 mpouzol systemd[1]: Mounted POSIX Message Queue File System.
Apr 06 16:14:11 mpouzol systemd[1]: Mounted Kernel Debug File System.
Apr 06 16:14:11 mpouzol systemd[1]: Mounted Kernel Trace File System.
Apr 06 16:14:11 mpouzol systemd[1]: Mounted Temporary Directory /tmp.
Apr 06 16:14:11 mpouzol systemd[1]: Finished Create List of Static Device Nodes.
Apr 06 16:14:11 mpouzol systemd[1]: modprobe@configfs.service: Deactivated successfully.
Apr 06 16:14:11 mpouzol systemd[1]: Finished Load Kernel Module configfs.
Apr 06 16:14:11 mpouzol systemd[1]: modprobe@drm.service: Deactivated successfully.
Apr 06 16:14:11 mpouzol systemd[1]: Finished Load Kernel Module drm.
Apr 06 16:14:11 mpouzol systemd[1]: Mounting Kernel Configuration File System...
Apr 06 16:14:11 mpouzol systemd[1]: Mounted Kernel Configuration File System.
Apr 06 16:14:11 mpouzol kernel: EXT4-fs (sda2): re-mounted. Quota mode: none.
Apr 06 16:14:11 mpouzol kernel: EXT4-fs (sda2): re-mounted. Quota mode: none.
Apr 06 16:14:11 mpouzol kernel: fuse: init (API version 7.36)
Apr 06 16:14:11 mpouzol kernel: EXT4-fs (sda2): re-mounted. Quota mode: none.
Apr 06 16:14:11 mpouzol kernel: EXT4-fs (sda2): re-mounted. Quota mode: none.
Apr 06 16:14:11 mpouzol systemd[1]: modprobe@fuse.service: Deactivated successfully.
Apr 06 16:14:11 mpouzol systemd[1]: Finished Load Kernel Module fuse.
Apr 06 16:14:11 mpouzol systemd[1]: Finished Remount Root and Kernel File Systems.
Apr 06 16:14:11 mpouzol kernel: audit: type=1130 audit(1649261651.863:2): pid=1 uid=0 auid=4294967295 ses=4294967295 msg='unit=systemd-remount-fs comm="systemd" exe="/usr/lib/systemd/systemd" hostname=? addr=? terminal=? res=success'
Apr 06 16:14:11 mpouzol systemd[1]: First Boot Wizard was skipped because of a failed condition check (ConditionFirstBoot=yes).
Apr 06 16:14:11 mpouzol systemd[1]: Rebuild Hardware Database was skipped because of a failed condition check (ConditionNeedsUpdate=/etc).
Apr 06 16:14:11 mpouzol systemd[1]: Starting Load/Save Random Seed...
Apr 06 16:14:11 mpouzol systemd[1]: Create System Users was skipped because of a failed condition check (ConditionNeedsUpdate=/etc).
Apr 06 16:14:11 mpouzol systemd[1]: Starting Create Static Device Nodes in /dev...
Apr 06 16:14:11 mpouzol kernel: sd 0:0:0:0: Attached scsi generic sg0 type 0
Apr 06 16:14:11 mpouzol kernel: sr 2:0:0:0: Attached scsi generic sg1 type 5
Apr 06 16:14:11 mpouzol systemd[1]: Finished Load Kernel Modules.
Apr 06 16:14:11 mpouzol kernel: audit: type=1130 audit(1649261651.876:3): pid=1 uid=0 auid=4294967295 ses=4294967295 msg='unit=systemd-modules-load comm="systemd" exe="/usr/lib/systemd/systemd" hostname=? addr=? terminal=? res=success'
Apr 06 16:14:11 mpouzol systemd[1]: Starting Apply Kernel Variables...
Apr 06 16:14:11 mpouzol systemd-journald[221]: Journal started
Apr 06 16:14:11 mpouzol systemd-journald[221]: Runtime Journal (/run/log/journal/3b149d3eb7cc4afeb64aad0d36b952cf) is 8.0M, max 412.7M, 404.7M free.
Apr 06 16:14:11 mpouzol audit[1]: SERVICE_START pid=1 uid=0 auid=4294967295 ses=4294967295 msg='unit=systemd-remount-fs comm="systemd" exe="/usr/lib/systemd/systemd" hostname=? addr=? terminal=? res=success'
Apr 06 16:14:11 mpouzol audit[1]: SERVICE_START pid=1 uid=0 auid=4294967295 ses=4294967295 msg='unit=systemd-modules-load comm="systemd" exe="/usr/lib/systemd/systemd" hostname=? addr=? terminal=? res=success'
Apr 06 16:14:11 mpouzol systemd-modules-load[222]: Inserted module 'crypto_user'
Apr 06 16:14:11 mpouzol systemd-modules-load[222]: Inserted module 'sg'
Apr 06 16:14:11 mpouzol systemd-random-seed[230]: Kernel entropy pool is not initialized yet, waiting until it is.
Apr 06 16:14:11 mpouzol audit[1]: SERVICE_START pid=1 uid=0 auid=4294967295 ses=4294967295 msg='unit=systemd-journald comm="systemd" exe="/usr/lib/systemd/systemd" hostname=? addr=? terminal=? res=success'
Apr 06 16:14:11 mpouzol systemd[1]: Started Journal Service.
Apr 06 16:14:11 mpouzol kernel: audit: type=1130 audit(1649261651.893:4): pid=1 uid=0 auid=4294967295 ses=4294967295 msg='unit=systemd-journald comm="systemd" exe="/usr/lib/systemd/systemd" hostname=? addr=? terminal=? res=success'
Apr 06 16:14:11 mpouzol systemd[1]: Finished Apply Kernel Variables.
Apr 06 16:14:11 mpouzol audit[1]: SERVICE_START pid=1 uid=0 auid=4294967295 ses=4294967295 msg='unit=systemd-sysctl comm="systemd" exe="/usr/lib/systemd/systemd" hostname=? addr=? terminal=? res=success'
Apr 06 16:14:11 mpouzol kernel: audit: type=1130 audit(1649261651.896:5): pid=1 uid=0 auid=4294967295 ses=4294967295 msg='unit=systemd-sysctl comm="systemd" exe="/usr/lib/systemd/systemd" hostname=? addr=? terminal=? res=success'
Apr 06 16:14:11 mpouzol systemd[1]: Starting Flush Journal to Persistent Storage...
Apr 06 16:14:11 mpouzol systemd-journald[221]: Time spent on flushing to /var/log/journal/3b149d3eb7cc4afeb64aad0d36b952cf is 71.189ms for 587 entries.
Apr 06 16:14:11 mpouzol systemd-journald[221]: System Journal (/var/log/journal/3b149d3eb7cc4afeb64aad0d36b952cf) is 416.2M, max 3.7G, 3.2G free.
Apr 06 16:14:12 mpouzol systemd-journald[221]: Received client request to flush runtime journal.
Apr 06 16:14:12 mpouzol kernel: audit: type=1130 audit(1649261651.910:6): pid=1 uid=0 auid=4294967295 ses=4294967295 msg='unit=systemd-udev-trigger comm="systemd" exe="/usr/lib/systemd/systemd" hostname=? addr=? terminal=? res=success'
Apr 06 16:14:12 mpouzol kernel: audit: type=1130 audit(1649261651.920:7): pid=1 uid=0 auid=4294967295 ses=4294967295 msg='unit=systemd-tmpfiles-setup-dev comm="systemd" exe="/usr/lib/systemd/systemd" hostname=? addr=? terminal=? res=success'
Apr 06 16:14:12 mpouzol kernel: audit: type=1334 audit(1649261651.920:8): prog-id=7 op=LOAD
Apr 06 16:14:12 mpouzol kernel: audit: type=1334 audit(1649261651.920:9): prog-id=8 op=LOAD
Apr 06 16:14:12 mpouzol kernel: audit: type=1334 audit(1649261651.920:10): prog-id=9 op=LOAD
Apr 06 16:14:11 mpouzol audit[1]: SERVICE_START pid=1 uid=0 auid=4294967295 ses=4294967295 msg='unit=systemd-udev-trigger comm="systemd" exe="/usr/lib/systemd/systemd" hostname=? addr=? terminal=? res=success'
Apr 06 16:14:11 mpouzol audit[1]: SERVICE_START pid=1 uid=0 auid=4294967295 ses=4294967295 msg='unit=systemd-tmpfiles-setup-dev comm="systemd" exe="/usr/lib/systemd/systemd" hostname=? addr=? terminal=? res=success'
Apr 06 16:14:11 mpouzol audit: BPF prog-id=7 op=LOAD
Apr 06 16:14:11 mpouzol audit: BPF prog-id=8 op=LOAD
Apr 06 16:14:11 mpouzol audit: BPF prog-id=9 op=LOAD
Apr 06 16:14:11 mpouzol audit[1]: SERVICE_START pid=1 uid=0 auid=4294967295 ses=4294967295 msg='unit=systemd-udevd comm="systemd" exe="/usr/lib/systemd/systemd" hostname=? addr=? terminal=? res=success'
Apr 06 16:14:12 mpouzol audit[1]: SERVICE_START pid=1 uid=0 auid=4294967295 ses=4294967295 msg='unit=modprobe@fuse comm="systemd" exe="/usr/lib/systemd/systemd" hostname=? addr=? terminal=? res=success'
Apr 06 16:14:12 mpouzol audit[1]: SERVICE_STOP pid=1 uid=0 auid=4294967295 ses=4294967295 msg='unit=modprobe@fuse comm="systemd" exe="/usr/lib/systemd/systemd" hostname=? addr=? terminal=? res=success'
Apr 06 16:14:11 mpouzol systemd[1]: Finished Coldplug All udev Devices.
Apr 06 16:14:11 mpouzol systemd[1]: Finished Create Static Device Nodes in /dev.
Apr 06 16:14:11 mpouzol systemd[1]: Starting Rule-based Manager for Device Events and Files...
Apr 06 16:14:11 mpouzol systemd[1]: Started Rule-based Manager for Device Events and Files.
Apr 06 16:14:12 mpouzol systemd[1]: Starting Load Kernel Module fuse...
Apr 06 16:14:12 mpouzol audit[1]: SERVICE_START pid=1 uid=0 auid=4294967295 ses=4294967295 msg='unit=systemd-journal-flush comm="systemd" exe="/usr/lib/systemd/systemd" hostname=? addr=? terminal=? res=success'
Apr 06 16:14:12 mpouzol systemd[1]: modprobe@fuse.service: Deactivated successfully.
Apr 06 16:14:12 mpouzol systemd[1]: Finished Load Kernel Module fuse.
Apr 06 16:14:12 mpouzol systemd[1]: Finished Flush Journal to Persistent Storage.
Apr 06 16:14:12 mpouzol kernel: ACPI: video: Video Device [GFX0] (multi-head: yes  rom: no  post: no)
Apr 06 16:14:12 mpouzol kernel: input: Video Bus as /devices/LNXSYSTM:00/LNXSYBUS:00/PNP0A03:00/LNXVIDEO:00/input/input5
Apr 06 16:14:12 mpouzol kernel: piix4_smbus 0000:00:07.0: SMBus Host Controller at 0x4100, revision 0
Apr 06 16:14:12 mpouzol kernel: vboxguest: host-version: 6.1.2r135662 0x8000000f
Apr 06 16:14:12 mpouzol kernel: vbg_heartbeat_init: Setting up heartbeat to trigger every 2000 milliseconds
Apr 06 16:14:12 mpouzol kernel: input: VirtualBox mouse integration as /devices/pci0000:00/0000:00:04.0/input/input6
Apr 06 16:14:12 mpouzol kernel: vboxguest: misc device minor 124, IRQ 20, I/O port d040, MMIO at 0x00000000f1400000 (size 0x0000000000400000)
Apr 06 16:14:12 mpouzol kernel: e1000: Intel(R) PRO/1000 Network Driver
Apr 06 16:14:12 mpouzol kernel: e1000: Copyright (c) 1999-2006 Intel Corporation.
Apr 06 16:14:12 mpouzol mtp-probe[264]: checking bus 2, device 2: "/sys/devices/pci0000:00/0000:00:06.0/usb2/2-1"
Apr 06 16:14:12 mpouzol mtp-probe[264]: bus: 2, device: 2 was not an MTP device
Apr 06 16:14:12 mpouzol kernel: input: PC Speaker as /devices/platform/pcspkr/input/input8
Apr 06 16:14:12 mpouzol kernel: mousedev: PS/2 mouse device common for all mice
Apr 06 16:14:12 mpouzol kernel: checking generic (f0000000 130000) vs hw (f0000000 1000000)
Apr 06 16:14:12 mpouzol kernel: fb0: switching to vmwgfx from VESA VGA
Apr 06 16:14:12 mpouzol kernel: Console: switching to colour dummy device 80x25
Apr 06 16:14:12 mpouzol kernel: vmwgfx 0000:00:02.0: vgaarb: deactivate vga console
Apr 06 16:14:12 mpouzol kernel: vmwgfx 0000:00:02.0: [drm] FIFO at 0x00000000f1000000 size is 2048 kiB
Apr 06 16:14:12 mpouzol kernel: vmwgfx 0000:00:02.0: [drm] VRAM at 0x00000000f0000000 size is 16384 kiB
Apr 06 16:14:12 mpouzol kernel: vmwgfx 0000:00:02.0: [drm] Running on SVGA version 2.
Apr 06 16:14:12 mpouzol kernel: vmwgfx 0000:00:02.0: [drm] Capabilities: cursor, cursor bypass 2, alpha cursor, 3D, extended fifo, pitchlock, irq mask, gmr, traces, gmr2, screen object 2, 
Apr 06 16:14:12 mpouzol kernel: vmwgfx 0000:00:02.0: [drm] DMA map mode: Caching DMA mappings.
Apr 06 16:14:12 mpouzol kernel: vmwgfx 0000:00:02.0: [drm] Legacy memory limits: VRAM = 16384 kB, FIFO = 2048 kB, surface = 507904 kB
Apr 06 16:14:12 mpouzol kernel: vmwgfx 0000:00:02.0: [drm] MOB limits: max mob size = 0 kB, max mob pages = 0
Apr 06 16:14:12 mpouzol kernel: vmwgfx 0000:00:02.0: [drm] Max GMR ids is 8192
Apr 06 16:14:12 mpouzol kernel: vmwgfx 0000:00:02.0: [drm] Max number of GMR pages is 1048576
Apr 06 16:14:12 mpouzol kernel: vmwgfx 0000:00:02.0: [drm] Maximum display memory size is 16384 kiB
Apr 06 16:14:12 mpouzol kernel: Bluetooth: Core ver 2.22
Apr 06 16:14:12 mpouzol kernel: NET: Registered PF_BLUETOOTH protocol family
Apr 06 16:14:12 mpouzol kernel: Bluetooth: HCI device and connection manager initialized
Apr 06 16:14:12 mpouzol kernel: Bluetooth: HCI socket layer initialized
Apr 06 16:14:12 mpouzol kernel: Bluetooth: L2CAP socket layer initialized
Apr 06 16:14:12 mpouzol kernel: Bluetooth: SCO socket layer initialized
Apr 06 16:14:12 mpouzol systemd[1]: Listening on Load/Save RF Kill Switch Status /dev/rfkill Watch.
Apr 06 16:14:12 mpouzol kernel: vmwgfx 0000:00:02.0: [drm] Screen Object display unit initialized
Apr 06 16:14:12 mpouzol kernel: vmwgfx 0000:00:02.0: [drm] Fifo max 0x00200000 min 0x00001000 cap 0x00000355
Apr 06 16:14:12 mpouzol kernel: vmwgfx 0000:00:02.0: [drm] Available shader model: Legacy.
Apr 06 16:14:12 mpouzol kernel: [drm:vmw_host_printf [vmwgfx]] *ERROR* Failed to send host log message.
Apr 06 16:14:12 mpouzol kernel: fbcon: svgadrmfb (fb0) is primary device
Apr 06 16:14:12 mpouzol kernel: Console: switching to colour frame buffer device 100x37
Apr 06 16:14:12 mpouzol kernel: [drm] Initialized vmwgfx 2.20.0 20211206 for 0000:00:02.0 on minor 0
Apr 06 16:14:12 mpouzol kernel: input: ImExPS/2 Generic Explorer Mouse as /devices/platform/i8042/serio1/input/input7
Apr 06 16:14:12 mpouzol kernel: RAPL PMU: API unit is 2^-32 Joules, 0 fixed counters, 10737418240 ms ovfl timer
Apr 06 16:14:12 mpouzol kernel: random: crng init done
Apr 06 16:14:12 mpouzol systemd[1]: Finished Load/Save Random Seed.
Apr 06 16:14:12 mpouzol audit[1]: SERVICE_START pid=1 uid=0 auid=4294967295 ses=4294967295 msg='unit=systemd-random-seed comm="systemd" exe="/usr/lib/systemd/systemd" hostname=? addr=? terminal=? res=success'
Apr 06 16:14:12 mpouzol systemd[1]: First Boot Complete was skipped because of a failed condition check (ConditionFirstBoot=yes).
Apr 06 16:14:12 mpouzol systemd[1]: Finished Monitoring of LVM2 mirrors, snapshots etc. using dmeventd or progress polling.
Apr 06 16:14:12 mpouzol audit[1]: SERVICE_START pid=1 uid=0 auid=4294967295 ses=4294967295 msg='unit=lvm2-monitor comm="systemd" exe="/usr/lib/systemd/systemd" hostname=? addr=? terminal=? res=success'
Apr 06 16:14:12 mpouzol systemd[1]: Reached target Preparation for Local File Systems.
Apr 06 16:14:12 mpouzol systemd[1]: Virtual Machine and Container Storage (Compatibility) was skipped because of a failed condition check (ConditionPathExists=/var/lib/machines.raw).
Apr 06 16:14:12 mpouzol systemd[1]: Reached target Local File Systems.
Apr 06 16:14:12 mpouzol systemd[1]: Rebuild Dynamic Linker Cache was skipped because all trigger condition checks failed.
Apr 06 16:14:12 mpouzol systemd[1]: Set Up Additional Binary Formats was skipped because all trigger condition checks failed.
Apr 06 16:14:12 mpouzol systemd[1]: Store a System Token in an EFI Variable was skipped because of a failed condition check (ConditionPathExists=/sys/firmware/efi/efivars/LoaderFeatures-4a67b082-0a4c-41cf-b6c7-440b29bb8c4f).
Apr 06 16:14:12 mpouzol systemd[1]: Commit a transient machine-id on disk was skipped because of a failed condition check (ConditionPathIsMountPoint=/etc/machine-id).
Apr 06 16:14:12 mpouzol systemd[1]: Starting Create Volatile Files and Directories...
Apr 06 16:14:12 mpouzol kernel: cryptd: max_cpu_qlen set to 1000
Apr 06 16:14:12 mpouzol systemd[1]: Starting Load/Save RF Kill Switch Status...
Apr 06 16:14:12 mpouzol kernel: usbcore: registered new interface driver btusb
Apr 06 16:14:12 mpouzol systemd[1]: Reached target Bluetooth Support.
Apr 06 16:14:12 mpouzol audit[1]: SERVICE_START pid=1 uid=0 auid=4294967295 ses=4294967295 msg='unit=systemd-rfkill comm="systemd" exe="/usr/lib/systemd/systemd" hostname=? addr=? terminal=? res=success'
Apr 06 16:14:12 mpouzol systemd[1]: Started Load/Save RF Kill Switch Status.
Apr 06 16:14:12 mpouzol kernel: AVX2 version of gcm_enc/dec engaged.
Apr 06 16:14:12 mpouzol kernel: AES CTR mode by8 optimization enabled
Apr 06 16:14:12 mpouzol kernel: Bluetooth: hci0: HCI Enhanced Setup Synchronous Connection command is advertised, but not supported.
Apr 06 16:14:12 mpouzol systemd[1]: Finished Create Volatile Files and Directories.
Apr 06 16:14:12 mpouzol systemd[1]: Rebuild Journal Catalog was skipped because of a failed condition check (ConditionNeedsUpdate=/var).
Apr 06 16:14:12 mpouzol audit[1]: SERVICE_START pid=1 uid=0 auid=4294967295 ses=4294967295 msg='unit=systemd-tmpfiles-setup comm="systemd" exe="/usr/lib/systemd/systemd" hostname=? addr=? terminal=? res=success'
Apr 06 16:14:12 mpouzol systemd[1]: Update is Completed was skipped because all trigger condition checks failed.
Apr 06 16:14:12 mpouzol systemd[1]: Starting Record System Boot/Shutdown in UTMP...
Apr 06 16:14:12 mpouzol audit[317]: SYSTEM_BOOT pid=317 uid=0 auid=4294967295 ses=4294967295 msg=' comm="systemd-update-utmp" exe="/usr/lib/systemd/systemd-update-utmp" hostname=? addr=? terminal=? res=success'
Apr 06 16:14:12 mpouzol systemd[1]: Finished Record System Boot/Shutdown in UTMP.
Apr 06 16:14:12 mpouzol audit[1]: SERVICE_START pid=1 uid=0 auid=4294967295 ses=4294967295 msg='unit=systemd-update-utmp comm="systemd" exe="/usr/lib/systemd/systemd" hostname=? addr=? terminal=? res=success'
Apr 06 16:14:12 mpouzol kernel: e1000 0000:00:03.0 eth0: (PCI:33MHz:32-bit) 08:00:27:31:ad:ba
Apr 06 16:14:12 mpouzol kernel: e1000 0000:00:03.0 eth0: Intel(R) PRO/1000 Network Connection
Apr 06 16:14:12 mpouzol kernel: e1000 0000:00:03.0 enp0s3: renamed from eth0
Apr 06 16:14:12 mpouzol systemd-udevd[242]: Using default interface naming scheme 'v250'.
Apr 06 16:14:12 mpouzol systemd[1]: Mounting FUSE Control File System...
Apr 06 16:14:12 mpouzol systemd[1]: Mounted FUSE Control File System.
Apr 06 16:14:12 mpouzol systemd[1]: Reached target System Initialization.
Apr 06 16:14:12 mpouzol audit: BPF prog-id=10 op=LOAD
Apr 06 16:14:12 mpouzol audit: BPF prog-id=11 op=LOAD
Apr 06 16:14:12 mpouzol audit: BPF prog-id=12 op=LOAD
Apr 06 16:14:12 mpouzol systemd[1]: Started Daily man-db regeneration.
Apr 06 16:14:12 mpouzol systemd[1]: Started Daily verification of password and group files.
Apr 06 16:14:12 mpouzol systemd[1]: Started Daily Cleanup of Temporary Directories.
Apr 06 16:14:12 mpouzol systemd[1]: Reached target Timer Units.
Apr 06 16:14:12 mpouzol systemd[1]: Listening on D-Bus System Message Bus Socket.
Apr 06 16:14:12 mpouzol systemd[1]: Reached target Socket Units.
Apr 06 16:14:12 mpouzol systemd[1]: Reached target Basic System.
Apr 06 16:14:12 mpouzol systemd[1]: Starting D-Bus System Message Bus...
Apr 06 16:14:12 mpouzol systemd[1]: Starting dhcpcd on all interfaces...
Apr 06 16:14:12 mpouzol dhcpcd[321]: dhcpcd-9.4.1 starting
Apr 06 16:14:12 mpouzol systemd[1]: Starting User Login Management...
Apr 06 16:14:13 mpouzol dhcpcd[325]: dev: loaded udev
Apr 06 16:14:13 mpouzol systemd-logind[322]: New seat seat0.
Apr 06 16:14:13 mpouzol systemd-logind[322]: Watching system buttons on /dev/input/event0 (Power Button)
Apr 06 16:14:13 mpouzol systemd-logind[322]: Watching system buttons on /dev/input/event1 (Sleep Button)
Apr 06 16:14:13 mpouzol dhcpcd[325]: DUID 00:04:db:b7:38:4b:9e:1c:79:41:b5:48:3e:d4:76:06:72:b4
Apr 06 16:14:13 mpouzol systemd-logind[322]: Watching system buttons on /dev/input/event2 (AT Translated Set 2 keyboard)
Apr 06 16:14:13 mpouzol kernel: snd_intel8x0 0000:00:05.0: allow list rate for 1028:0177 is 48000
Apr 06 16:14:13 mpouzol systemd[1]: Reached target Sound Card.
Apr 06 16:14:13 mpouzol kernel: 8021q: 802.1Q VLAN Support v1.8
Apr 06 16:14:13 mpouzol systemd[1]: Started D-Bus System Message Bus.
Apr 06 16:14:13 mpouzol audit[1]: SERVICE_START pid=1 uid=0 auid=4294967295 ses=4294967295 msg='unit=dbus comm="systemd" exe="/usr/lib/systemd/systemd" hostname=? addr=? terminal=? res=success'
Apr 06 16:14:13 mpouzol dbus-daemon[320]: [system] Successfully activated service 'org.freedesktop.systemd1'
Apr 06 16:14:13 mpouzol audit[1]: SERVICE_START pid=1 uid=0 auid=4294967295 ses=4294967295 msg='unit=systemd-logind comm="systemd" exe="/usr/lib/systemd/systemd" hostname=? addr=? terminal=? res=success'
Apr 06 16:14:13 mpouzol systemd[1]: Started User Login Management.
Apr 06 16:14:13 mpouzol kernel: cfg80211: Loading compiled-in X.509 certificates for regulatory database
Apr 06 16:14:13 mpouzol kernel: cfg80211: Loaded X.509 cert 'sforshee: 00b28ddf47aef9cea7'
Apr 06 16:14:13 mpouzol kernel: platform regulatory.0: Direct firmware load for regulatory.db failed with error -2
Apr 06 16:14:13 mpouzol kernel: cfg80211: failed to load regulatory.db
Apr 06 16:14:13 mpouzol audit[1]: SERVICE_START pid=1 uid=0 auid=4294967295 ses=4294967295 msg='unit=dhcpcd comm="systemd" exe="/usr/lib/systemd/systemd" hostname=? addr=? terminal=? res=success'
Apr 06 16:14:13 mpouzol systemd[1]: Started dhcpcd on all interfaces.
Apr 06 16:14:13 mpouzol systemd[1]: Reached target Network.
Apr 06 16:14:13 mpouzol systemd[1]: Starting Permit User Sessions...
Apr 06 16:14:13 mpouzol systemd[1]: Finished Permit User Sessions.
Apr 06 16:14:13 mpouzol systemd[1]: Reached target Multi-User System.
Apr 06 16:14:13 mpouzol audit[1]: SERVICE_START pid=1 uid=0 auid=4294967295 ses=4294967295 msg='unit=systemd-user-sessions comm="systemd" exe="/usr/lib/systemd/systemd" hostname=? addr=? terminal=? res=success'
Apr 06 16:14:13 mpouzol systemd[1]: Starting GNOME Display Manager...
Apr 06 16:14:13 mpouzol dhcpcd[325]: enp0s3: waiting for carrier
Apr 06 16:14:13 mpouzol kernel: 8021q: adding VLAN 0 to HW filter on device enp0s3
Apr 06 16:14:13 mpouzol systemd[1]: Started GNOME Display Manager.
Apr 06 16:14:13 mpouzol systemd[1]: Reached target Graphical Interface.
Apr 06 16:14:13 mpouzol audit[1]: SERVICE_START pid=1 uid=0 auid=4294967295 ses=4294967295 msg='unit=gdm comm="systemd" exe="/usr/lib/systemd/systemd" hostname=? addr=? terminal=? res=success'
Apr 06 16:14:13 mpouzol systemd[1]: Startup finished in 2.456s (kernel) + 1.804s (userspace) = 4.260s.
Apr 06 16:14:13 mpouzol dbus-daemon[320]: [system] Activating via systemd: service name='org.freedesktop.Accounts' unit='accounts-daemon.service' requested by ':1.2' (uid=0 pid=339 comm="/usr/bin/gdm")
Apr 06 16:14:13 mpouzol systemd[1]: Reached target User and Group Name Lookups.
Apr 06 16:14:13 mpouzol audit: BPF prog-id=13 op=LOAD
Apr 06 16:14:13 mpouzol systemd[1]: Starting Accounts Service...
Apr 06 16:14:13 mpouzol dbus-daemon[320]: [system] Activating via systemd: service name='org.freedesktop.PolicyKit1' unit='polkit.service' requested by ':1.3' (uid=0 pid=345 comm="/usr/lib/accounts-daemon")
Apr 06 16:14:13 mpouzol systemd[1]: Starting Authorization Manager...
Apr 06 16:14:13 mpouzol polkitd[349]: Started polkitd version 0.120
Apr 06 16:14:13 mpouzol polkitd[349]: Loading rules from directory /etc/polkit-1/rules.d
Apr 06 16:14:13 mpouzol polkitd[349]: Loading rules from directory /usr/share/polkit-1/rules.d
Apr 06 16:14:13 mpouzol polkitd[349]: Finished loading, compiling and executing 8 rules
Apr 06 16:14:13 mpouzol dbus-daemon[320]: [system] Successfully activated service 'org.freedesktop.PolicyKit1'
Apr 06 16:14:13 mpouzol polkitd[349]: Acquired the name org.freedesktop.PolicyKit1 on the system bus
Apr 06 16:14:13 mpouzol systemd[1]: Started Authorization Manager.
Apr 06 16:14:13 mpouzol audit[1]: SERVICE_START pid=1 uid=0 auid=4294967295 ses=4294967295 msg='unit=polkit comm="systemd" exe="/usr/lib/systemd/systemd" hostname=? addr=? terminal=? res=success'
Apr 06 16:14:13 mpouzol accounts-daemon[345]: started daemon version 22.08.0
Apr 06 16:14:13 mpouzol dbus-daemon[320]: [system] Successfully activated service 'org.freedesktop.Accounts'
Apr 06 16:14:13 mpouzol audit[1]: SERVICE_START pid=1 uid=0 auid=4294967295 ses=4294967295 msg='unit=accounts-daemon comm="systemd" exe="/usr/lib/systemd/systemd" hostname=? addr=? terminal=? res=success'
Apr 06 16:14:13 mpouzol systemd[1]: Started Accounts Service.
Apr 06 16:14:13 mpouzol audit[359]: USER_AUTH pid=359 uid=0 auid=4294967295 ses=4294967295 msg='op=PAM:authentication grantors=pam_succeed_if,pam_permit acct="gdm" exe="/usr/lib/gdm-session-worker" hostname=mpouzol addr=? terminal=/dev/tty1 res=success'
Apr 06 16:14:13 mpouzol audit[359]: USER_ACCT pid=359 uid=0 auid=4294967295 ses=4294967295 msg='op=PAM:accounting grantors=pam_succeed_if,pam_permit acct="gdm" exe="/usr/lib/gdm-session-worker" hostname=mpouzol addr=? terminal=/dev/tty1 res=success'
Apr 06 16:14:13 mpouzol audit[359]: CRED_ACQ pid=359 uid=0 auid=4294967295 ses=4294967295 msg='op=PAM:setcred grantors=pam_permit acct="gdm" exe="/usr/lib/gdm-session-worker" hostname=mpouzol addr=? terminal=/dev/tty1 res=success'
Apr 06 16:14:13 mpouzol audit[359]: SYSCALL arch=c000003e syscall=1 success=yes exit=3 a0=8 a1=7ffd059f6340 a2=3 a3=0 items=0 ppid=339 pid=359 auid=120 uid=0 gid=120 euid=0 suid=0 fsuid=0 egid=120 sgid=120 fsgid=120 tty=(none) ses=1 comm="gdm-session-wor" exe="/usr/lib/gdm-session-worker" key=(null)
Apr 06 16:14:13 mpouzol audit: PROCTITLE proctitle=67646D2D73657373696F6E2D776F726B6572205B70616D2F67646D2D6C61756E63682D656E7669726F6E6D656E745D
Apr 06 16:14:13 mpouzol systemd[1]: Created slice User Slice of UID 120.
Apr 06 16:14:13 mpouzol systemd[1]: Starting User Runtime Directory /run/user/120...
Apr 06 16:14:13 mpouzol systemd-logind[322]: New session 1 of user gdm.
Apr 06 16:14:13 mpouzol systemd[1]: Finished User Runtime Directory /run/user/120.
Apr 06 16:14:13 mpouzol audit[1]: SERVICE_START pid=1 uid=0 auid=4294967295 ses=4294967295 msg='unit=user-runtime-dir@120 comm="systemd" exe="/usr/lib/systemd/systemd" hostname=? addr=? terminal=? res=success'
Apr 06 16:14:13 mpouzol systemd[1]: Starting User Manager for UID 120...
Apr 06 16:14:13 mpouzol dbus-daemon[320]: [system] Activating via systemd: service name='org.freedesktop.home1' unit='dbus-org.freedesktop.home1.service' requested by ':1.7' (uid=0 pid=364 comm="(systemd)")
Apr 06 16:14:13 mpouzol dbus-daemon[320]: [system] Activation via systemd failed for unit 'dbus-org.freedesktop.home1.service': Unit dbus-org.freedesktop.home1.service not found.
Apr 06 16:14:13 mpouzol systemd[364]: pam_systemd_home(systemd-user:account): systemd-homed is not available: Unit dbus-org.freedesktop.home1.service not found.
Apr 06 16:14:13 mpouzol audit[364]: USER_ACCT pid=364 uid=0 auid=4294967295 ses=4294967295 msg='op=PAM:accounting grantors=pam_access,pam_unix,pam_permit,pam_time acct="gdm" exe="/usr/lib/systemd/systemd" hostname=? addr=? terminal=? res=success'
Apr 06 16:14:13 mpouzol audit[364]: CRED_ACQ pid=364 uid=0 auid=4294967295 ses=4294967295 msg='op=PAM:setcred grantors=? acct="gdm" exe="/usr/lib/systemd/systemd" hostname=? addr=? terminal=? res=failed'
Apr 06 16:14:13 mpouzol audit[364]: SYSCALL arch=c000003e syscall=1 success=yes exit=3 a0=9 a1=7ffcd54a88a0 a2=3 a3=0 items=0 ppid=1 pid=364 auid=120 uid=0 gid=0 euid=0 suid=0 fsuid=0 egid=0 sgid=0 fsgid=0 tty=(none) ses=2 comm="(systemd)" exe="/usr/lib/systemd/systemd" key=(null)
Apr 06 16:14:13 mpouzol audit: PROCTITLE proctitle="(systemd)"
Apr 06 16:14:13 mpouzol systemd[364]: pam_warn(systemd-user:setcred): function=[pam_sm_setcred] flags=0x8002 service=[systemd-user] terminal=[] user=[gdm] ruser=[<unknown>] rhost=[<unknown>]
Apr 06 16:14:13 mpouzol systemd[364]: pam_unix(systemd-user:session): session opened for user gdm(uid=120) by (uid=0)
Apr 06 16:14:13 mpouzol systemd[364]: pam_env(systemd-user:session): deprecated reading of user environment enabled
Apr 06 16:14:13 mpouzol audit[364]: USER_START pid=364 uid=0 auid=120 ses=2 msg='op=PAM:session_open grantors=pam_loginuid,pam_loginuid,pam_keyinit,pam_systemd_home,pam_limits,pam_unix,pam_permit,pam_mail,pam_systemd,pam_env acct="gdm" exe="/usr/lib/systemd/systemd" hostname=? addr=? terminal=? res=success'
Apr 06 16:14:13 mpouzol audit: BPF prog-id=14 op=LOAD
Apr 06 16:14:13 mpouzol audit[364]: SYSCALL arch=c000003e syscall=321 success=yes exit=8 a0=5 a1=7ffcd303cfb0 a2=78 a3=7ffcd303cfb0 items=0 ppid=1 pid=364 auid=120 uid=120 gid=120 euid=120 suid=120 fsuid=120 egid=120 sgid=120 fsgid=120 tty=(none) ses=2 comm="systemd" exe="/usr/lib/systemd/systemd" key=(null)
Apr 06 16:14:13 mpouzol audit: PROCTITLE proctitle=2F7573722F6C69622F73797374656D642F73797374656D64002D2D75736572
Apr 06 16:14:13 mpouzol audit: BPF prog-id=0 op=UNLOAD
Apr 06 16:14:13 mpouzol systemd[364]: Queued start job for default target Main User Target.
Apr 06 16:14:13 mpouzol systemd[364]: Created slice User Application Slice.
Apr 06 16:14:13 mpouzol systemd[364]: Reached target Paths.
Apr 06 16:14:13 mpouzol systemd[364]: Reached target Timers.
Apr 06 16:14:13 mpouzol systemd[364]: Starting D-Bus User Message Bus Socket...
Apr 06 16:14:13 mpouzol systemd[364]: Listening on GnuPG network certificate management daemon.
Apr 06 16:14:13 mpouzol systemd[364]: Listening on GCR ssh-agent wrapper.
Apr 06 16:14:13 mpouzol systemd[364]: Listening on GnuPG cryptographic agent and passphrase cache (access for web browsers).
Apr 06 16:14:13 mpouzol systemd[364]: Listening on GnuPG cryptographic agent and passphrase cache (restricted).
Apr 06 16:14:13 mpouzol systemd[364]: Listening on GnuPG cryptographic agent (ssh-agent emulation).
Apr 06 16:14:13 mpouzol systemd[364]: Listening on GnuPG cryptographic agent and passphrase cache.
Apr 06 16:14:13 mpouzol systemd[364]: Listening on p11-kit server.
Apr 06 16:14:13 mpouzol systemd[364]: Listening on PipeWire Multimedia System Socket.
Apr 06 16:14:13 mpouzol systemd[364]: Listening on Sound System.
Apr 06 16:14:13 mpouzol systemd[364]: Listening on D-Bus User Message Bus Socket.
Apr 06 16:14:13 mpouzol systemd[364]: Reached target Sockets.
Apr 06 16:14:13 mpouzol systemd[364]: Reached target Basic System.
Apr 06 16:14:13 mpouzol systemd[1]: Started User Manager for UID 120.
Apr 06 16:14:13 mpouzol audit[1]: SERVICE_START pid=1 uid=0 auid=4294967295 ses=4294967295 msg='unit=user@120 comm="systemd" exe="/usr/lib/systemd/systemd" hostname=? addr=? terminal=? res=success'
Apr 06 16:14:13 mpouzol systemd[364]: Starting Update XDG user dir configuration...
Apr 06 16:14:13 mpouzol systemd[1]: Started Session 1 of User gdm.
Apr 06 16:14:13 mpouzol systemd[364]: Finished Update XDG user dir configuration.
Apr 06 16:14:13 mpouzol systemd[364]: Reached target Main User Target.
Apr 06 16:14:13 mpouzol systemd[364]: Startup finished in 153ms.
Apr 06 16:14:13 mpouzol gdm-launch-environment][359]: pam_env(gdm-launch-environment:session): deprecated reading of user environment enabled
Apr 06 16:14:13 mpouzol audit[359]: USER_START pid=359 uid=0 auid=120 ses=1 msg='op=PAM:session_open grantors=pam_loginuid,pam_keyinit,pam_succeed_if,pam_permit,pam_systemd,pam_env acct="gdm" exe="/usr/lib/gdm-session-worker" hostname=mpouzol addr=? terminal=/dev/tty1 res=success'
Apr 06 16:14:13 mpouzol systemd[364]: Created slice User Core Session Slice.
Apr 06 16:14:13 mpouzol systemd[364]: Starting D-Bus User Message Bus...
Apr 06 16:14:13 mpouzol systemd[364]: Started D-Bus User Message Bus.
Apr 06 16:14:13 mpouzol dbus-daemon[374]: [session uid=120 pid=374] Successfully activated service 'org.freedesktop.systemd1'
Apr 06 16:14:13 mpouzol gnome-session[378]: gnome-session-binary[378]: GLib-GIO-CRITICAL: g_bus_get_sync: assertion 'error == NULL || *error == NULL' failed
Apr 06 16:14:13 mpouzol gnome-session[378]: gnome-session-binary[378]: GLib-GIO-CRITICAL: g_bus_get_sync: assertion 'error == NULL || *error == NULL' failed
Apr 06 16:14:13 mpouzol gnome-session-binary[378]: GLib-GIO-CRITICAL: g_bus_get_sync: assertion 'error == NULL || *error == NULL' failed
Apr 06 16:14:13 mpouzol gnome-session-binary[378]: GLib-GIO-CRITICAL: g_bus_get_sync: assertion 'error == NULL || *error == NULL' failed
Apr 06 16:14:13 mpouzol gnome-shell[387]: Running GNOME Shell (using mutter 41.4) as a Wayland display server
Apr 06 16:14:13 mpouzol gnome-shell[387]: Added device '/dev/dri/card0' (vmwgfx) using non-atomic mode setting.
Apr 06 16:14:14 mpouzol org.gnome.Shell.desktop[387]: VMware: No 3D enabled (0, Success).
Apr 06 16:14:14 mpouzol gnome-shell[387]: Failed to initialize accelerated iGPU/dGPU framebuffer sharing: Do not want to use software renderer (llvmpipe (LLVM 13.0.1, 256 bits)), falling back to CPU copy path
Apr 06 16:14:14 mpouzol org.gnome.Shell.desktop[387]: VMware: No 3D enabled (0, Success).
Apr 06 16:14:14 mpouzol org.gnome.Shell.desktop[387]: libEGL warning: DRI2: failed to create dri screen
Apr 06 16:14:14 mpouzol org.gnome.Shell.desktop[387]: VMware: No 3D enabled (0, Success).
Apr 06 16:14:14 mpouzol org.gnome.Shell.desktop[387]: libEGL warning: DRI2: failed to create dri screen
Apr 06 16:14:14 mpouzol gnome-shell[387]: Created gbm renderer for '/dev/dri/card0'
Apr 06 16:14:14 mpouzol gnome-shell[387]: Boot VGA GPU /dev/dri/card0 selected as primary
Apr 06 16:14:14 mpouzol gnome-shell[387]: Disabling DMA buffer screen sharing for driver 'vmwgfx'.
Apr 06 16:14:14 mpouzol /usr/lib/gdm-wayland-session[377]: dbus-daemon[377]: [session uid=120 pid=377] Activating service name='org.a11y.Bus' requested by ':1.5' (uid=120 pid=387 comm="/usr/bin/gnome-shell")
Apr 06 16:14:14 mpouzol /usr/lib/gdm-wayland-session[377]: dbus-daemon[377]: [session uid=120 pid=377] Successfully activated service 'org.a11y.Bus'
Apr 06 16:14:14 mpouzol gnome-shell[387]: Using public X11 display :1024, (using :1025 for managed services)
Apr 06 16:14:14 mpouzol gnome-shell[387]: Using Wayland display name 'wayland-0'
Apr 06 16:14:14 mpouzol org.gnome.Shell.desktop[417]: VMware: No 3D enabled (0, Success).
Apr 06 16:14:14 mpouzol org.gnome.Shell.desktop[417]: libEGL warning: DRI2: failed to create dri screen
Apr 06 16:14:14 mpouzol org.gnome.Shell.desktop[417]: VMware: No 3D enabled (0, Success).
Apr 06 16:14:14 mpouzol org.gnome.Shell.desktop[417]: libEGL warning: DRI2: failed to create dri screen
Apr 06 16:14:14 mpouzol gnome-shell[387]: Skipping parental controls support as its disabled
Apr 06 16:14:14 mpouzol gnome-shell[387]: Unset XDG_SESSION_ID, getCurrentSessionProxy() called outside a user session. Asking logind directly.
Apr 06 16:14:14 mpouzol gnome-shell[387]: Will monitor session 1
Apr 06 16:14:14 mpouzol dbus-daemon[320]: [system] Activating via systemd: service name='org.freedesktop.locale1' unit='dbus-org.freedesktop.locale1.service' requested by ':1.11' (uid=120 pid=387 comm="/usr/bin/gnome-shell")
Apr 06 16:14:14 mpouzol audit: BPF prog-id=15 op=LOAD
Apr 06 16:14:14 mpouzol audit: BPF prog-id=16 op=LOAD
Apr 06 16:14:14 mpouzol audit: BPF prog-id=17 op=LOAD
Apr 06 16:14:14 mpouzol systemd[1]: Starting Locale Service...
Apr 06 16:14:14 mpouzol kernel: kauditd_printk_skb: 40 callbacks suppressed
Apr 06 16:14:14 mpouzol kernel: audit: type=1334 audit(1649261654.966:45): prog-id=15 op=LOAD
Apr 06 16:14:14 mpouzol kernel: audit: type=1334 audit(1649261654.966:46): prog-id=16 op=LOAD
Apr 06 16:14:14 mpouzol kernel: audit: type=1334 audit(1649261654.966:47): prog-id=17 op=LOAD
Apr 06 16:14:15 mpouzol dbus-daemon[320]: [system] Successfully activated service 'org.freedesktop.locale1'
Apr 06 16:14:15 mpouzol audit[1]: SERVICE_START pid=1 uid=0 auid=4294967295 ses=4294967295 msg='unit=systemd-localed comm="systemd" exe="/usr/lib/systemd/systemd" hostname=? addr=? terminal=? res=success'
Apr 06 16:14:15 mpouzol systemd[1]: Started Locale Service.
Apr 06 16:14:15 mpouzol kernel: audit: type=1130 audit(1649261655.010:48): pid=1 uid=0 auid=4294967295 ses=4294967295 msg='unit=systemd-localed comm="systemd" exe="/usr/lib/systemd/systemd" hostname=? addr=? terminal=? res=success'
Apr 06 16:14:15 mpouzol gnome-shell[387]: Failed to launch ibus-daemon: Failed to execute child process ibus-daemon (No such file or directory)
Apr 06 16:14:15 mpouzol dbus-daemon[320]: [system] Activating via systemd: service name='org.freedesktop.UPower' unit='upower.service' requested by ':1.11' (uid=120 pid=387 comm="/usr/bin/gnome-shell")
Apr 06 16:14:15 mpouzol audit: BPF prog-id=18 op=LOAD
Apr 06 16:14:15 mpouzol audit: BPF prog-id=19 op=LOAD
Apr 06 16:14:15 mpouzol kernel: audit: type=1334 audit(1649261655.133:49): prog-id=18 op=LOAD
Apr 06 16:14:15 mpouzol kernel: audit: type=1334 audit(1649261655.133:50): prog-id=19 op=LOAD
Apr 06 16:14:15 mpouzol systemd[1]: Starting Daemon for power management...
Apr 06 16:14:15 mpouzol systemd[364]: Starting Sound Service...
Apr 06 16:14:15 mpouzol dbus-daemon[320]: [system] Successfully activated service 'org.freedesktop.UPower'
Apr 06 16:14:15 mpouzol audit[1]: SERVICE_START pid=1 uid=0 auid=4294967295 ses=4294967295 msg='unit=upower comm="systemd" exe="/usr/lib/systemd/systemd" hostname=? addr=? terminal=? res=success'
Apr 06 16:14:15 mpouzol systemd[1]: Started Daemon for power management.
Apr 06 16:14:15 mpouzol dbus-daemon[320]: [system] Activating via systemd: service name='org.freedesktop.RealtimeKit1' unit='rtkit-daemon.service' requested by ':1.14' (uid=120 pid=422 comm="/usr/bin/pulseaudio --daemonize=no --log-target=jo")
Apr 06 16:14:15 mpouzol kernel: audit: type=1130 audit(1649261655.193:51): pid=1 uid=0 auid=4294967295 ses=4294967295 msg='unit=upower comm="systemd" exe="/usr/lib/systemd/systemd" hostname=? addr=? terminal=? res=success'
Apr 06 16:14:15 mpouzol systemd[1]: Starting RealtimeKit Scheduling Policy Service...
Apr 06 16:14:15 mpouzol dbus-daemon[320]: [system] Activating via systemd: service name='org.freedesktop.GeoClue2' unit='geoclue.service' requested by ':1.11' (uid=120 pid=387 comm="/usr/bin/gnome-shell")
Apr 06 16:14:15 mpouzol dbus-daemon[320]: [system] Successfully activated service 'org.freedesktop.RealtimeKit1'
Apr 06 16:14:15 mpouzol rtkit-daemon[426]: Successfully called chroot.
Apr 06 16:14:15 mpouzol rtkit-daemon[426]: Successfully dropped privileges.
Apr 06 16:14:15 mpouzol systemd[1]: Starting Location Lookup Service...
Apr 06 16:14:15 mpouzol rtkit-daemon[426]: Successfully limited resources.
Apr 06 16:14:15 mpouzol rtkit-daemon[426]: Running.
Apr 06 16:14:15 mpouzol rtkit-daemon[426]: Watchdog thread running.
Apr 06 16:14:15 mpouzol rtkit-daemon[426]: Canary thread running.
Apr 06 16:14:15 mpouzol systemd[1]: Started RealtimeKit Scheduling Policy Service.
Apr 06 16:14:15 mpouzol audit[1]: SERVICE_START pid=1 uid=0 auid=4294967295 ses=4294967295 msg='unit=rtkit-daemon comm="systemd" exe="/usr/lib/systemd/systemd" hostname=? addr=? terminal=? res=success'
Apr 06 16:14:15 mpouzol kernel: audit: type=1130 audit(1649261655.203:52): pid=1 uid=0 auid=4294967295 ses=4294967295 msg='unit=rtkit-daemon comm="systemd" exe="/usr/lib/systemd/systemd" hostname=? addr=? terminal=? res=success'
Apr 06 16:14:15 mpouzol rtkit-daemon[426]: Successfully made thread 422 of process 422 owned by '120' high priority at nice level -11.
Apr 06 16:14:15 mpouzol rtkit-daemon[426]: Supervising 1 threads of 1 processes of 1 users.
Apr 06 16:14:15 mpouzol polkitd[349]: Registered Authentication Agent for unix-session:1 (system bus name :1.11 [/usr/bin/gnome-shell], object path /org/freedesktop/PolicyKit1/AuthenticationAgent, locale C)
Apr 06 16:14:15 mpouzol dbus-daemon[320]: [system] Activating via systemd: service name='org.freedesktop.Avahi' unit='dbus-org.freedesktop.Avahi.service' requested by ':1.17' (uid=966 pid=427 comm="/usr/lib/geoclue")
Apr 06 16:14:15 mpouzol dbus-daemon[320]: [system] Activation via systemd failed for unit 'dbus-org.freedesktop.Avahi.service': Unit dbus-org.freedesktop.Avahi.service not found.
Apr 06 16:14:15 mpouzol geoclue[427]: Failed to connect to avahi service: Daemon not running
Apr 06 16:14:15 mpouzol dbus-daemon[320]: [system] Successfully activated service 'org.freedesktop.GeoClue2'
Apr 06 16:14:15 mpouzol systemd[1]: Started Location Lookup Service.
Apr 06 16:14:15 mpouzol audit[1]: SERVICE_START pid=1 uid=0 auid=4294967295 ses=4294967295 msg='unit=geoclue comm="systemd" exe="/usr/lib/systemd/systemd" hostname=? addr=? terminal=? res=success'
Apr 06 16:14:15 mpouzol kernel: audit: type=1130 audit(1649261655.253:53): pid=1 uid=0 auid=4294967295 ses=4294967295 msg='unit=geoclue comm="systemd" exe="/usr/lib/systemd/systemd" hostname=? addr=? terminal=? res=success'
Apr 06 16:14:15 mpouzol /usr/lib/gdm-wayland-session[377]: dbus-daemon[377]: [session uid=120 pid=377] Activating service name='org.gnome.Shell.Notifications' requested by ':1.4' (uid=120 pid=387 comm="/usr/bin/gnome-shell")
Apr 06 16:14:15 mpouzol /usr/lib/gdm-wayland-session[411]: dbus-daemon[411]: Activating service name='org.a11y.atspi.Registry' requested by ':1.0' (uid=120 pid=387 comm="/usr/bin/gnome-shell")
Apr 06 16:14:15 mpouzol /usr/lib/gdm-wayland-session[411]: dbus-daemon[411]: Successfully activated service 'org.a11y.atspi.Registry'
Apr 06 16:14:15 mpouzol /usr/lib/gdm-wayland-session[439]: SpiRegistry daemon is running with well-known name - org.a11y.atspi.Registry
Apr 06 16:14:15 mpouzol dhcpcd[325]: enp0s3: carrier acquired
Apr 06 16:14:15 mpouzol kernel: e1000: enp0s3 NIC Link is Up 1000 Mbps Full Duplex, Flow Control: RX
Apr 06 16:14:15 mpouzol kernel: IPv6: ADDRCONF(NETDEV_CHANGE): enp0s3: link becomes ready
Apr 06 16:14:15 mpouzol dhcpcd[325]: enp0s3: IAID 27:31:ad:ba
Apr 06 16:14:15 mpouzol dhcpcd[325]: enp0s3: adding address fe80::ba83:ba08:e66d:f897
Apr 06 16:14:15 mpouzol pulseaudio[422]: The decibel volume range for element 'Center' (-4650 dB - -2400 dB) has negative maximum. Disabling the decibel range.
Apr 06 16:14:15 mpouzol pulseaudio[422]: The decibel volume range for element 'LFE' (-4650 dB - -2400 dB) has negative maximum. Disabling the decibel range.
Apr 06 16:14:15 mpouzol pulseaudio[422]: The decibel volume range for element 'Center' (-4650 dB - -2400 dB) has negative maximum. Disabling the decibel range.
Apr 06 16:14:15 mpouzol pulseaudio[422]: The decibel volume range for element 'LFE' (-4650 dB - -2400 dB) has negative maximum. Disabling the decibel range.
Apr 06 16:14:15 mpouzol pulseaudio[422]: The decibel volume range for element 'Center' (-4650 dB - -2400 dB) has negative maximum. Disabling the decibel range.
Apr 06 16:14:15 mpouzol pulseaudio[422]: The decibel volume range for element 'LFE' (-4650 dB - -2400 dB) has negative maximum. Disabling the decibel range.
Apr 06 16:14:15 mpouzol pulseaudio[422]: The decibel volume range for element 'Center' (-4650 dB - -2400 dB) has negative maximum. Disabling the decibel range.
Apr 06 16:14:15 mpouzol pulseaudio[422]: The decibel volume range for element 'LFE' (-4650 dB - -2400 dB) has negative maximum. Disabling the decibel range.
Apr 06 16:14:15 mpouzol pulseaudio[422]: The decibel volume range for element 'Center' (-4650 dB - -2400 dB) has negative maximum. Disabling the decibel range.
Apr 06 16:14:15 mpouzol pulseaudio[422]: The decibel volume range for element 'LFE' (-4650 dB - -2400 dB) has negative maximum. Disabling the decibel range.
Apr 06 16:14:15 mpouzol /usr/lib/gdm-wayland-session[377]: dbus-daemon[377]: [session uid=120 pid=377] Successfully activated service 'org.gnome.Shell.Notifications'
Apr 06 16:14:15 mpouzol dbus-daemon[320]: [system] Activating via systemd: service name='org.freedesktop.hostname1' unit='dbus-org.freedesktop.hostname1.service' requested by ':1.18' (uid=120 pid=461 comm="/usr/lib/gsd-rfkill")
Apr 06 16:14:15 mpouzol audit: BPF prog-id=20 op=LOAD
Apr 06 16:14:15 mpouzol audit: BPF prog-id=21 op=LOAD
Apr 06 16:14:15 mpouzol audit: BPF prog-id=22 op=LOAD
Apr 06 16:14:15 mpouzol kernel: audit: type=1334 audit(1649261655.370:54): prog-id=20 op=LOAD
Apr 06 16:14:15 mpouzol systemd[1]: Starting Hostname Service...
Apr 06 16:14:15 mpouzol pulseaudio[422]: Disabling timer-based scheduling because running inside a VM.
Apr 06 16:14:15 mpouzol rtkit-daemon[426]: Supervising 1 threads of 1 processes of 1 users.
Apr 06 16:14:15 mpouzol rtkit-daemon[426]: Successfully made thread 514 of process 422 owned by '120' RT at priority 5.
Apr 06 16:14:15 mpouzol rtkit-daemon[426]: Supervising 2 threads of 1 processes of 1 users.
Apr 06 16:14:15 mpouzol pulseaudio[422]: Disabling timer-based scheduling because running inside a VM.
Apr 06 16:14:15 mpouzol /usr/lib/gdm-wayland-session[377]: dbus-daemon[377]: [session uid=120 pid=377] Activating service name='org.freedesktop.systemd1' requested by ':1.9' (uid=120 pid=448 comm="/usr/lib/gsd-sharing")
Apr 06 16:14:15 mpouzol rtkit-daemon[426]: Supervising 2 threads of 1 processes of 1 users.
Apr 06 16:14:15 mpouzol rtkit-daemon[426]: Successfully made thread 518 of process 422 owned by '120' RT at priority 5.
Apr 06 16:14:15 mpouzol rtkit-daemon[426]: Supervising 3 threads of 1 processes of 1 users.
Apr 06 16:14:15 mpouzol systemd[364]: Started Sound Service.
Apr 06 16:14:15 mpouzol /usr/lib/gdm-wayland-session[377]: dbus-daemon[377]: [session uid=120 pid=377] Activated service 'org.freedesktop.systemd1' failed: Process org.freedesktop.systemd1 exited with status 1
Apr 06 16:14:15 mpouzol gsd-sharing[448]: Failed to StopUnit service: GDBus.Error:org.freedesktop.DBus.Error.Spawn.ChildExited: Process org.freedesktop.systemd1 exited with status 1
Apr 06 16:14:15 mpouzol gsd-sharing[448]: Failed to StopUnit service: GDBus.Error:org.freedesktop.DBus.Error.Spawn.ChildExited: Process org.freedesktop.systemd1 exited with status 1
Apr 06 16:14:15 mpouzol gsd-sharing[448]: Failed to StopUnit service: GDBus.Error:org.freedesktop.DBus.Error.Spawn.ChildExited: Process org.freedesktop.systemd1 exited with status 1
Apr 06 16:14:15 mpouzol gnome-shell[387]: No permission to control network connections: Polkit.Error: GDBus.Error:org.freedesktop.PolicyKit1.Error.Failed: Action org.freedesktop.NetworkManager.network-control is not registered
Apr 06 16:14:15 mpouzol org.gnome.Shell.desktop[417]: Failed to initialize glamor, falling back to sw
Apr 06 16:14:15 mpouzol dbus-daemon[320]: [system] Successfully activated service 'org.freedesktop.hostname1'
Apr 06 16:14:15 mpouzol systemd[1]: Started Hostname Service.
Apr 06 16:14:15 mpouzol audit[1]: SERVICE_START pid=1 uid=0 auid=4294967295 ses=4294967295 msg='unit=systemd-hostnamed comm="systemd" exe="/usr/lib/systemd/systemd" hostname=? addr=? terminal=? res=success'
Apr 06 16:14:15 mpouzol kernel: rfkill: input handler disabled
Apr 06 16:14:15 mpouzol org.gnome.Shell.desktop[541]: The XKEYBOARD keymap compiler (xkbcomp) reports:
Apr 06 16:14:15 mpouzol org.gnome.Shell.desktop[541]: > Warning:          Could not resolve keysym XF86EmojiPicker
Apr 06 16:14:15 mpouzol org.gnome.Shell.desktop[541]: Errors from xkbcomp are not fatal to the X server
Apr 06 16:14:15 mpouzol dbus-daemon[320]: [system] Activating via systemd: service name='org.freedesktop.ColorManager' unit='colord.service' requested by ':1.26' (uid=120 pid=452 comm="/usr/lib/gsd-color")
Apr 06 16:14:15 mpouzol systemd[1]: Starting Manage, Install and Generate Color Profiles...
Apr 06 16:14:15 mpouzol colord[549]: failed to get edid data: EDID length is too small
Apr 06 16:14:15 mpouzol dbus-daemon[320]: [system] Successfully activated service 'org.freedesktop.ColorManager'
Apr 06 16:14:15 mpouzol audit[1]: SERVICE_START pid=1 uid=0 auid=4294967295 ses=4294967295 msg='unit=colord comm="systemd" exe="/usr/lib/systemd/systemd" hostname=? addr=? terminal=? res=success'
Apr 06 16:14:15 mpouzol systemd[1]: Started Manage, Install and Generate Color Profiles.
Apr 06 16:14:15 mpouzol /usr/lib/gdm-wayland-session[377]: dbus-daemon[377]: [session uid=120 pid=377] Activating service name='org.gnome.Shell.Screencast' requested by ':1.22' (uid=120 pid=469 comm="/usr/lib/gsd-media-keys")
Apr 06 16:14:15 mpouzol /usr/lib/gdm-wayland-session[377]: dbus-daemon[377]: [session uid=120 pid=377] Activating service name='org.gnome.ScreenSaver' requested by ':1.23' (uid=120 pid=489 comm="/usr/lib/gsd-power")
Apr 06 16:14:15 mpouzol gsd-media-keys[469]: Failed to grab accelerator for keybinding settings:playback-repeat
Apr 06 16:14:15 mpouzol gsd-media-keys[469]: Failed to grab accelerator for keybinding settings:hibernate
Apr 06 16:14:15 mpouzol gnome-shell[387]: Failed to launch ibus-daemon: Failed to execute child process ibus-daemon (No such file or directory)
Apr 06 16:14:15 mpouzol gnome-shell[387]: ATK Bridge is disabled but a11y has already been enabled.
Apr 06 16:14:15 mpouzol gnome-session-binary[378]: Entering running state
Apr 06 16:14:15 mpouzol xbrlapi.desktop[582]: openConnection: connect: No such file or directory
Apr 06 16:14:15 mpouzol xbrlapi.desktop[582]: cannot connect to braille devices daemon brltty at :0
Apr 06 16:14:15 mpouzol /usr/lib/gdm-wayland-session[377]: dbus-daemon[377]: [session uid=120 pid=377] Successfully activated service 'org.gnome.ScreenSaver'
Apr 06 16:14:15 mpouzol gsd-color[452]: failed to get edid: unable to get EDID for output
Apr 06 16:14:15 mpouzol dhcpcd[325]: enp0s3: soliciting an IPv6 router
Apr 06 16:14:15 mpouzol gsd-color[452]: unable to get EDID for xrandr-Virtual-1: unable to get EDID for output
Apr 06 16:14:15 mpouzol org.gnome.Shell.desktop[588]: The XKEYBOARD keymap compiler (xkbcomp) reports:
Apr 06 16:14:15 mpouzol org.gnome.Shell.desktop[588]: > Warning:          Unsupported maximum keycode 708, clipping.
Apr 06 16:14:15 mpouzol org.gnome.Shell.desktop[588]: >                   X11 cannot support keycodes above 255.
Apr 06 16:14:15 mpouzol org.gnome.Shell.desktop[588]: Errors from xkbcomp are not fatal to the X server
Apr 06 16:14:15 mpouzol gnome-shell[387]: Registering session with GDM
Apr 06 16:14:15 mpouzol /usr/lib/gdm-wayland-session[377]: dbus-daemon[377]: [session uid=120 pid=377] Successfully activated service 'org.gnome.Shell.Screencast'
Apr 06 16:14:15 mpouzol dbus-daemon[320]: [system] Activating via systemd: service name='org.freedesktop.Avahi' unit='dbus-org.freedesktop.Avahi.service' requested by ':1.32' (uid=967 pid=566 comm="/usr/lib/colord-sane")
Apr 06 16:14:15 mpouzol dbus-daemon[320]: [system] Activation via systemd failed for unit 'dbus-org.freedesktop.Avahi.service': Unit dbus-org.freedesktop.Avahi.service not found.
Apr 06 16:14:16 mpouzol dhcpcd[325]: enp0s3: rebinding lease of 10.0.2.15
Apr 06 16:14:16 mpouzol dhcpcd[325]: enp0s3: probing address 10.0.2.15/24
Apr 06 16:14:17 mpouzol dbus-daemon[320]: [system] Activating via systemd: service name='org.freedesktop.home1' unit='dbus-org.freedesktop.home1.service' requested by ':1.34' (uid=0 pid=598 comm="gdm-session-worker [pam/gdm-password]")
Apr 06 16:14:17 mpouzol dbus-daemon[320]: [system] Activation via systemd failed for unit 'dbus-org.freedesktop.home1.service': Unit dbus-org.freedesktop.home1.service not found.
Apr 06 16:14:17 mpouzol gdm-password][598]: pam_systemd_home(gdm-password:auth): systemd-homed is not available: Unit dbus-org.freedesktop.home1.service not found.
Apr 06 16:14:17 mpouzol systemd[1]: systemd-rfkill.service: Deactivated successfully.
Apr 06 16:14:17 mpouzol audit[1]: SERVICE_STOP pid=1 uid=0 auid=4294967295 ses=4294967295 msg='unit=systemd-rfkill comm="systemd" exe="/usr/lib/systemd/systemd" hostname=? addr=? terminal=? res=success'
Apr 06 16:14:18 mpouzol gdm-password][598]: gkr-pam: unable to locate daemon control file
Apr 06 16:14:18 mpouzol gdm-password][598]: gkr-pam: stashed password to try later in open session
Apr 06 16:14:18 mpouzol audit[598]: USER_AUTH pid=598 uid=0 auid=4294967295 ses=4294967295 msg='op=PAM:authentication grantors=pam_shells,pam_faillock,pam_permit,pam_faillock,pam_gnome_keyring acct="maxime" exe="/usr/lib/gdm-session-worker" hostname=mpouzol addr=? terminal=/dev/tty1 res=success'
Apr 06 16:14:18 mpouzol audit[598]: USER_ACCT pid=598 uid=0 auid=4294967295 ses=4294967295 msg='op=PAM:accounting grantors=pam_access,pam_unix,pam_permit,pam_time acct="maxime" exe="/usr/lib/gdm-session-worker" hostname=mpouzol addr=? terminal=/dev/tty1 res=success'
Apr 06 16:14:18 mpouzol audit[598]: CRED_ACQ pid=598 uid=0 auid=4294967295 ses=4294967295 msg='op=PAM:setcred grantors=pam_shells,pam_faillock,pam_permit,pam_faillock,pam_gnome_keyring acct="maxime" exe="/usr/lib/gdm-session-worker" hostname=mpouzol addr=? terminal=/dev/tty1 res=success'
Apr 06 16:14:18 mpouzol audit[598]: SYSCALL arch=c000003e syscall=1 success=yes exit=4 a0=a a1=7fffd345df90 a2=4 a3=0 items=0 ppid=339 pid=598 auid=1001 uid=0 gid=1001 euid=0 suid=0 fsuid=0 egid=1001 sgid=1001 fsgid=1001 tty=(none) ses=3 comm="gdm-session-wor" exe="/usr/lib/gdm-session-worker" key=(null)
Apr 06 16:14:18 mpouzol audit: PROCTITLE proctitle=67646D2D73657373696F6E2D776F726B6572205B70616D2F67646D2D70617373776F72645D
Apr 06 16:14:18 mpouzol gdm-password][598]: pam_unix(gdm-password:session): session opened for user maxime(uid=1001) by (uid=0)
Apr 06 16:14:18 mpouzol systemd[1]: Created slice User Slice of UID 1001.
Apr 06 16:14:18 mpouzol systemd[1]: Starting User Runtime Directory /run/user/1001...
Apr 06 16:14:18 mpouzol systemd-logind[322]: New session 3 of user maxime.
Apr 06 16:14:18 mpouzol systemd[1]: Finished User Runtime Directory /run/user/1001.
Apr 06 16:14:18 mpouzol audit[1]: SERVICE_START pid=1 uid=0 auid=4294967295 ses=4294967295 msg='unit=user-runtime-dir@1001 comm="systemd" exe="/usr/lib/systemd/systemd" hostname=? addr=? terminal=? res=success'
Apr 06 16:14:18 mpouzol systemd[1]: Starting User Manager for UID 1001...
Apr 06 16:14:18 mpouzol gnome-shell[387]: Error checking authorization for action id org.freedesktop.NetworkManager.network-control: GDBus.Error:org.freedesktop.PolicyKit1.Error.Failed: Action org.freedesktop.NetworkManager.network-control is not registered
Apr 06 16:14:18 mpouzol dbus-daemon[320]: [system] Activating via systemd: service name='org.freedesktop.home1' unit='dbus-org.freedesktop.home1.service' requested by ':1.36' (uid=0 pid=607 comm="(systemd)")
Apr 06 16:14:18 mpouzol dbus-daemon[320]: [system] Activation via systemd failed for unit 'dbus-org.freedesktop.home1.service': Unit dbus-org.freedesktop.home1.service not found.
Apr 06 16:14:18 mpouzol systemd[607]: pam_systemd_home(systemd-user:account): systemd-homed is not available: Unit dbus-org.freedesktop.home1.service not found.
Apr 06 16:14:18 mpouzol audit[607]: USER_ACCT pid=607 uid=0 auid=4294967295 ses=4294967295 msg='op=PAM:accounting grantors=pam_access,pam_unix,pam_permit,pam_time acct="maxime" exe="/usr/lib/systemd/systemd" hostname=? addr=? terminal=? res=success'
Apr 06 16:14:18 mpouzol audit[607]: CRED_ACQ pid=607 uid=0 auid=4294967295 ses=4294967295 msg='op=PAM:setcred grantors=? acct="maxime" exe="/usr/lib/systemd/systemd" hostname=? addr=? terminal=? res=failed'
Apr 06 16:14:18 mpouzol audit[607]: SYSCALL arch=c000003e syscall=1 success=yes exit=4 a0=9 a1=7ffcd54a88a0 a2=4 a3=0 items=0 ppid=1 pid=607 auid=1001 uid=0 gid=0 euid=0 suid=0 fsuid=0 egid=0 sgid=0 fsgid=0 tty=(none) ses=4 comm="(systemd)" exe="/usr/lib/systemd/systemd" key=(null)
Apr 06 16:14:18 mpouzol audit: PROCTITLE proctitle="(systemd)"
Apr 06 16:14:18 mpouzol systemd[607]: pam_warn(systemd-user:setcred): function=[pam_sm_setcred] flags=0x8002 service=[systemd-user] terminal=[] user=[maxime] ruser=[<unknown>] rhost=[<unknown>]
Apr 06 16:14:18 mpouzol systemd[607]: pam_unix(systemd-user:session): session opened for user maxime(uid=1001) by (uid=0)
Apr 06 16:14:18 mpouzol systemd[607]: pam_env(systemd-user:session): deprecated reading of user environment enabled
Apr 06 16:14:18 mpouzol audit[607]: USER_START pid=607 uid=0 auid=1001 ses=4 msg='op=PAM:session_open grantors=pam_loginuid,pam_loginuid,pam_keyinit,pam_systemd_home,pam_limits,pam_unix,pam_permit,pam_mail,pam_systemd,pam_env acct="maxime" exe="/usr/lib/systemd/systemd" hostname=? addr=? terminal=? res=success'
Apr 06 16:14:18 mpouzol gnome-shell[387]: Error checking authorization for action id org.freedesktop.NetworkManager.network-control: GDBus.Error:org.freedesktop.PolicyKit1.Error.Failed: Action org.freedesktop.NetworkManager.network-control is not registered
Apr 06 16:14:18 mpouzol gnome-shell[387]: Error checking authorization for action id org.freedesktop.NetworkManager.network-control: GDBus.Error:org.freedesktop.PolicyKit1.Error.Failed: Action org.freedesktop.NetworkManager.network-control is not registered
Apr 06 16:14:18 mpouzol audit: BPF prog-id=23 op=LOAD
