[    0.000000] Linux version 5.17.0-rc8-mpouzol (maxime@mpouzol) (gcc (GCC) 11.2.0, GNU ld (GNU Binutils) 2.38) #1 SMP PREEMPT Tue Mar 15 16:35:07 UTC 2022
[    0.000000] Command line: BOOT_IMAGE=/boot/vmlinuz-5.17.0-mpouzol root=UUID=6d5afe33-937c-43b0-826c-ca6b148c97ff rw loglevel=3 quiet
[    0.000000] x86/fpu: Supporting XSAVE feature 0x001: 'x87 floating point registers'
[    0.000000] x86/fpu: Supporting XSAVE feature 0x002: 'SSE registers'
[    0.000000] x86/fpu: Supporting XSAVE feature 0x004: 'AVX registers'
[    0.000000] x86/fpu: xstate_offset[2]:  576, xstate_sizes[2]:  256
[    0.000000] x86/fpu: Enabled xstate features 0x7, context size is 832 bytes, using 'standard' format.
[    0.000000] signal: max sigframe size: 1776
[    0.000000] BIOS-provided physical RAM map:
[    0.000000] BIOS-e820: [mem 0x0000000000000000-0x000000000009fbff] usable
[    0.000000] BIOS-e820: [mem 0x000000000009fc00-0x000000000009ffff] reserved
[    0.000000] BIOS-e820: [mem 0x00000000000f0000-0x00000000000fffff] reserved
[    0.000000] BIOS-e820: [mem 0x0000000000100000-0x00000000d3eeffff] usable
[    0.000000] BIOS-e820: [mem 0x00000000d3ef0000-0x00000000d3efffff] ACPI data
[    0.000000] BIOS-e820: [mem 0x00000000fec00000-0x00000000fec00fff] reserved
[    0.000000] BIOS-e820: [mem 0x00000000fee00000-0x00000000fee00fff] reserved
[    0.000000] BIOS-e820: [mem 0x00000000fffc0000-0x00000000ffffffff] reserved
[    0.000000] NX (Execute Disable) protection: active
[    0.000000] SMBIOS 2.5 present.
[    0.000000] DMI: innotek GmbH VirtualBox/VirtualBox, BIOS VirtualBox 12/01/2006
[    0.000000] Hypervisor detected: KVM
[    0.000000] kvm-clock: Using msrs 4b564d01 and 4b564d00
[    0.000002] kvm-clock: using sched offset of 6228007602566 cycles
[    0.000004] clocksource: kvm-clock: mask: 0xffffffffffffffff max_cycles: 0x1cd42e4dffb, max_idle_ns: 881590591483 ns
[    0.000007] tsc: Detected 2400.000 MHz processor
[    0.000946] e820: update [mem 0x00000000-0x00000fff] usable ==> reserved
[    0.000950] e820: remove [mem 0x000a0000-0x000fffff] usable
[    0.000955] last_pfn = 0xd3ef0 max_arch_pfn = 0x400000000
[    0.000966] Disabled
[    0.000967] x86/PAT: MTRRs disabled, skipping PAT initialization too.
[    0.000969] CPU MTRRs all blank - virtualized system.
[    0.000971] x86/PAT: Configuration [0-7]: WB  WT  UC- UC  WB  WT  UC- UC  
[    0.001026] found SMP MP-table at [mem 0x0009fff0-0x0009ffff]
[    0.001450] RAMDISK: [mem 0x36f1b000-0x37784fff]
[    0.001453] ACPI: Early table checksum verification disabled
[    0.001456] ACPI: RSDP 0x00000000000E0000 000024 (v02 VBOX  )
[    0.001460] ACPI: XSDT 0x00000000D3EF0030 00003C (v01 VBOX   VBOXXSDT 00000001 ASL  00000061)
[    0.001466] ACPI: FACP 0x00000000D3EF00F0 0000F4 (v04 VBOX   VBOXFACP 00000001 ASL  00000061)
[    0.001472] ACPI: DSDT 0x00000000D3EF0480 002325 (v02 VBOX   VBOXBIOS 00000002 INTL 20100528)
[    0.001476] ACPI: FACS 0x00000000D3EF0200 000040
[    0.001479] ACPI: FACS 0x00000000D3EF0200 000040
[    0.001482] ACPI: APIC 0x00000000D3EF0240 00006C (v02 VBOX   VBOXAPIC 00000001 ASL  00000061)
[    0.001486] ACPI: SSDT 0x00000000D3EF02B0 0001CC (v01 VBOX   VBOXCPUT 00000002 INTL 20100528)
[    0.001489] ACPI: Reserving FACP table memory at [mem 0xd3ef00f0-0xd3ef01e3]
[    0.001491] ACPI: Reserving DSDT table memory at [mem 0xd3ef0480-0xd3ef27a4]
[    0.001492] ACPI: Reserving FACS table memory at [mem 0xd3ef0200-0xd3ef023f]
[    0.001493] ACPI: Reserving FACS table memory at [mem 0xd3ef0200-0xd3ef023f]
[    0.001494] ACPI: Reserving APIC table memory at [mem 0xd3ef0240-0xd3ef02ab]
[    0.001495] ACPI: Reserving SSDT table memory at [mem 0xd3ef02b0-0xd3ef047b]
[    0.001676] No NUMA configuration found
[    0.001677] Faking a node at [mem 0x0000000000000000-0x00000000d3eeffff]
[    0.001680] NODE_DATA(0) allocated [mem 0xd3eec000-0xd3eeffff]
[    0.001699] Zone ranges:
[    0.001700]   DMA      [mem 0x0000000000001000-0x0000000000ffffff]
[    0.001702]   DMA32    [mem 0x0000000001000000-0x00000000d3eeffff]
[    0.001704]   Normal   empty
[    0.001705]   Device   empty
[    0.001706] Movable zone start for each node
[    0.001707] Early memory node ranges
[    0.001708]   node   0: [mem 0x0000000000001000-0x000000000009efff]
[    0.001710]   node   0: [mem 0x0000000000100000-0x00000000d3eeffff]
[    0.001711] Initmem setup node 0 [mem 0x0000000000001000-0x00000000d3eeffff]
[    0.001718] On node 0, zone DMA: 1 pages in unavailable ranges
[    0.001736] On node 0, zone DMA: 97 pages in unavailable ranges
[    0.008853] On node 0, zone DMA32: 16656 pages in unavailable ranges
[    0.009292] ACPI: PM-Timer IO Port: 0x4008
[    0.009345] IOAPIC[0]: apic_id 4, version 32, address 0xfec00000, GSI 0-23
[    0.009348] ACPI: INT_SRC_OVR (bus 0 bus_irq 0 global_irq 2 dfl dfl)
[    0.009350] ACPI: INT_SRC_OVR (bus 0 bus_irq 9 global_irq 9 low level)
[    0.009353] ACPI: Using ACPI (MADT) for SMP configuration information
[    0.009358] smpboot: Allowing 4 CPUs, 0 hotplug CPUs
[    0.009374] PM: hibernation: Registered nosave memory: [mem 0x00000000-0x00000fff]
[    0.009376] PM: hibernation: Registered nosave memory: [mem 0x0009f000-0x0009ffff]
[    0.009377] PM: hibernation: Registered nosave memory: [mem 0x000a0000-0x000effff]
[    0.009378] PM: hibernation: Registered nosave memory: [mem 0x000f0000-0x000fffff]
[    0.009379] [mem 0xd3f00000-0xfebfffff] available for PCI devices
[    0.009381] Booting paravirtualized kernel on KVM
[    0.009382] clocksource: refined-jiffies: mask: 0xffffffff max_cycles: 0xffffffff, max_idle_ns: 6370452778343963 ns
[    0.013127] setup_percpu: NR_CPUS:320 nr_cpumask_bits:320 nr_cpu_ids:4 nr_node_ids:1
[    0.013222] percpu: Embedded 62 pages/cpu s217088 r8192 d28672 u524288
[    0.013226] pcpu-alloc: s217088 r8192 d28672 u524288 alloc=1*2097152
[    0.013229] pcpu-alloc: [0] 0 1 2 3 
[    0.013247] kvm-guest: PV spinlocks enabled
[    0.013249] PV qspinlock hash table entries: 256 (order: 0, 4096 bytes, linear)
[    0.013254] Fallback order for Node 0: 0 
[    0.013257] Built 1 zonelists, mobility grouping on.  Total pages: 854260
[    0.013258] Policy zone: DMA32
[    0.013259] Kernel command line: BOOT_IMAGE=/boot/vmlinuz-5.17.0-mpouzol root=UUID=6d5afe33-937c-43b0-826c-ca6b148c97ff rw loglevel=3 quiet
[    0.013314] Unknown kernel command line parameters "BOOT_IMAGE=/boot/vmlinuz-5.17.0-mpouzol", will be passed to user space.
[    0.013433] Dentry cache hash table entries: 524288 (order: 10, 4194304 bytes, linear)
[    0.013499] Inode-cache hash table entries: 262144 (order: 9, 2097152 bytes, linear)
[    0.013642] mem auto-init: stack:byref_all(zero), heap alloc:on, heap free:off
[    0.022435] Memory: 3360944K/3471928K available (14343K kernel code, 2106K rwdata, 6292K rodata, 1784K init, 3824K bss, 110728K reserved, 0K cma-reserved)
[    0.022441] random: get_random_u64 called from __kmem_cache_create+0x2a/0x550 with crng_init=0
[    0.022553] SLUB: HWalign=64, Order=0-3, MinObjects=0, CPUs=4, Nodes=1
[    0.022568] Kernel/User page tables isolation: enabled
[    0.022583] ftrace: allocating 45122 entries in 177 pages
[    0.029249] ftrace: allocated 177 pages with 4 groups
[    0.029309] Dynamic Preempt: full
[    0.029332] rcu: Preemptible hierarchical RCU implementation.
[    0.029333] rcu: 	RCU restricting CPUs from NR_CPUS=320 to nr_cpu_ids=4.
[    0.029334] rcu: 	RCU priority boosting: priority 1 delay 500 ms.
[    0.029335] 	Trampoline variant of Tasks RCU enabled.
[    0.029336] 	Rude variant of Tasks RCU enabled.
[    0.029336] 	Tracing variant of Tasks RCU enabled.
[    0.029337] rcu: RCU calculated value of scheduler-enlistment delay is 30 jiffies.
[    0.029338] rcu: Adjusting geometry for rcu_fanout_leaf=16, nr_cpu_ids=4
[    0.033624] NR_IRQS: 20736, nr_irqs: 456, preallocated irqs: 16
[    0.033990] kfence: initialized - using 2097152 bytes for 255 objects at 0x(____ptrval____)-0x(____ptrval____)
[    0.034122] Console: colour dummy device 80x25
[    0.034131] printk: console [tty0] enabled
[    0.034145] ACPI: Core revision 20211217
[    0.034240] APIC: Switch to symmetric I/O mode setup
[    0.034516] x2apic enabled
[    0.034802] Switched APIC routing to physical x2apic.
[    0.036038] ..TIMER: vector=0x30 apic1=0 pin1=2 apic2=-1 pin2=-1
[    0.036064] clocksource: tsc-early: mask: 0xffffffffffffffff max_cycles: 0x22983777dd9, max_idle_ns: 440795300422 ns
[    0.036068] Calibrating delay loop (skipped) preset value.. 4801.00 BogoMIPS (lpj=8000000)
[    0.036071] pid_max: default: 32768 minimum: 301
[    0.036091] LSM: Security Framework initializing
[    0.036096] landlock: Up and running.
[    0.036097] Yama: becoming mindful.
[    0.036102] LSM support for eBPF active
[    0.036115] Mount-cache hash table entries: 8192 (order: 4, 65536 bytes, linear)
[    0.036121] Mountpoint-cache hash table entries: 8192 (order: 4, 65536 bytes, linear)
[    0.036378] unchecked MSR access error: WRMSR to 0x3a (tried to write 0x0000000000000001) at rIP: 0xffffffff8d871984 (native_write_msr+0x4/0x20)
[    0.036382] Call Trace:
[    0.036384]  <TASK>
[    0.036385]  init_ia32_feat_ctl+0xb2/0x3e0
[    0.036390]  init_intel+0xbe/0x4c0
[    0.036392]  identify_cpu+0x1b0/0x4b0
[    0.036395]  identify_boot_cpu+0xc/0x94
[    0.036399]  check_bugs+0x28/0xb3c
[    0.036401]  ? pmd_val+0x7/0x10
[    0.036403]  ? __get_locked_pte+0xce/0x110
[    0.036406]  start_kernel+0x993/0x9c9
[    0.036410]  secondary_startup_64_no_verify+0xd5/0xdb
[    0.036413]  </TASK>
[    0.036455] Last level iTLB entries: 4KB 64, 2MB 8, 4MB 8
[    0.036457] Last level dTLB entries: 4KB 64, 2MB 0, 4MB 0, 1GB 4
[    0.036461] Spectre V1 : Mitigation: usercopy/swapgs barriers and __user pointer sanitization
[    0.036462] Spectre V2 : Mitigation: Retpolines
[    0.036463] Spectre V2 : Spectre v2 / SpectreRSB mitigation: Filling RSB on context switch
[    0.036464] Speculative Store Bypass: Vulnerable
[    0.036468] SRBDS: Unknown: Dependent on hypervisor status
[    0.036468] MDS: Mitigation: Clear CPU buffers
[    0.039547] Freeing SMP alternatives memory: 36K
[    0.146671] smpboot: CPU0: Intel(R) Core(TM) i5-9300H CPU @ 2.40GHz (family: 0x6, model: 0x9e, stepping: 0xa)
[    0.146794] cblist_init_generic: Setting adjustable number of callback queues.
[    0.146795] cblist_init_generic: Setting shift to 2 and lim to 1.
[    0.146807] cblist_init_generic: Setting shift to 2 and lim to 1.
[    0.146816] cblist_init_generic: Setting shift to 2 and lim to 1.
[    0.146825] Performance Events: unsupported p6 CPU model 158 no PMU driver, software events only.
[    0.146852] rcu: Hierarchical SRCU implementation.
[    0.147206] NMI watchdog: Perf NMI watchdog permanently disabled
[    0.147259] smp: Bringing up secondary CPUs ...
[    0.147338] x86: Booting SMP configuration:
[    0.147339] .... node  #0, CPUs:      #1
[    0.005527] Call Trace:
[    0.005527]  <TASK>
[    0.005527]  init_ia32_feat_ctl+0xb0/0x3e0
[    0.005527]  init_intel+0xbe/0x4c0
[    0.005527]  identify_cpu+0x1b0/0x4b0
[    0.005527]  identify_secondary_cpu+0x13/0x80
[    0.005527]  smp_store_cpu_info+0x45/0x50
[    0.005527]  start_secondary+0x4f/0x150
[    0.005527]  secondary_startup_64_no_verify+0xd5/0xdb
[    0.005527]  </TASK>
[    0.149495]  #2
[    0.005527] Call Trace:
[    0.005527]  <TASK>
[    0.005527]  init_ia32_feat_ctl+0xb0/0x3e0
[    0.005527]  init_intel+0xbe/0x4c0
[    0.005527]  identify_cpu+0x1b0/0x4b0
[    0.005527]  identify_secondary_cpu+0x13/0x80
[    0.005527]  smp_store_cpu_info+0x45/0x50
[    0.005527]  start_secondary+0x4f/0x150
[    0.005527]  secondary_startup_64_no_verify+0xd5/0xdb
[    0.005527]  </TASK>
[    0.151843]  #3
[    0.005527] Call Trace:
[    0.005527]  <TASK>
[    0.005527]  init_ia32_feat_ctl+0xb0/0x3e0
[    0.005527]  init_intel+0xbe/0x4c0
[    0.005527]  identify_cpu+0x1b0/0x4b0
[    0.005527]  identify_secondary_cpu+0x13/0x80
[    0.005527]  smp_store_cpu_info+0x45/0x50
[    0.005527]  start_secondary+0x4f/0x150
[    0.005527]  secondary_startup_64_no_verify+0xd5/0xdb
[    0.005527]  </TASK>
[    0.152794] smp: Brought up 1 node, 4 CPUs
[    0.152797] smpboot: Max logical packages: 1
[    0.152798] smpboot: Total of 4 processors activated (19207.00 BogoMIPS)
[    0.152949] devtmpfs: initialized
[    0.152949] x86/mm: Memory block size: 128MB
[    0.153018] clocksource: jiffies: mask: 0xffffffff max_cycles: 0xffffffff, max_idle_ns: 6370867519511994 ns
[    0.153018] futex hash table entries: 1024 (order: 4, 65536 bytes, linear)
[    0.153018] pinctrl core: initialized pinctrl subsystem
[    0.153018] PM: RTC time: 17:40:21, date: 2022-03-15
[    0.153041] NET: Registered PF_NETLINK/PF_ROUTE protocol family
[    0.153158] DMA: preallocated 512 KiB GFP_KERNEL pool for atomic allocations
[    0.153184] DMA: preallocated 512 KiB GFP_KERNEL|GFP_DMA pool for atomic allocations
[    0.153206] DMA: preallocated 512 KiB GFP_KERNEL|GFP_DMA32 pool for atomic allocations
[    0.153217] audit: initializing netlink subsys (disabled)
[    0.153256] audit: type=2000 audit(1647372251.111:1): state=initialized audit_enabled=0 res=1
[    0.153256] thermal_sys: Registered thermal governor 'fair_share'
[    0.153256] thermal_sys: Registered thermal governor 'bang_bang'
[    0.153256] thermal_sys: Registered thermal governor 'step_wise'
[    0.153256] thermal_sys: Registered thermal governor 'user_space'
[    0.153256] thermal_sys: Registered thermal governor 'power_allocator'
[    0.153256] cpuidle: using governor ladder
[    0.153256] cpuidle: using governor menu
[    0.153256] acpiphp: ACPI Hot Plug PCI Controller Driver version: 0.5
[    0.156105] PCI: Using configuration type 1 for base access
[    0.157394] kprobes: kprobe jump-optimization is enabled. All kprobes are optimized if possible.
[    0.157416] HugeTLB: can free 6 vmemmap pages for hugepages-2048kB
[    0.157416] HugeTLB registered 2.00 MiB page size, pre-allocated 0 pages
[    0.157416] ACPI: Added _OSI(Module Device)
[    0.157416] ACPI: Added _OSI(Processor Device)
[    0.157416] ACPI: Added _OSI(3.0 _SCP Extensions)
[    0.157416] ACPI: Added _OSI(Processor Aggregator Device)
[    0.157416] ACPI: Added _OSI(Linux-Dell-Video)
[    0.157416] ACPI: Added _OSI(Linux-Lenovo-NV-HDMI-Audio)
[    0.157416] ACPI: Added _OSI(Linux-HPI-Hybrid-Graphics)
[    0.158468] ACPI: 2 ACPI AML tables successfully acquired and loaded
[    0.160956] ACPI: Interpreter enabled
[    0.160964] ACPI: PM: (supports S0 S5)
[    0.160965] ACPI: Using IOAPIC for interrupt routing
[    0.161188] PCI: Using host bridge windows from ACPI; if necessary, use "pci=nocrs" and report a bug
[    0.161311] ACPI: Enabled 2 GPEs in block 00 to 07
[    0.167798] ACPI: PCI Root Bridge [PCI0] (domain 0000 [bus 00-ff])
[    0.167803] acpi PNP0A03:00: _OSC: OS supports [ASPM ClockPM Segments MSI EDR HPX-Type3]
[    0.167805] acpi PNP0A03:00: _OSC: not requesting OS control; OS requires [ExtendedConfig ASPM ClockPM MSI]
[    0.168295] acpi PNP0A03:00: fail to add MMCONFIG information, can't access extended PCI configuration space under this bridge.
[    0.168675] PCI host bridge to bus 0000:00
[    0.168677] pci_bus 0000:00: root bus resource [io  0x0000-0x0cf7 window]
[    0.168679] pci_bus 0000:00: root bus resource [io  0x0d00-0xffff window]
[    0.168680] pci_bus 0000:00: root bus resource [mem 0x000a0000-0x000bffff window]
[    0.168682] pci_bus 0000:00: root bus resource [mem 0xd3f00000-0xfdffffff window]
[    0.168683] pci_bus 0000:00: root bus resource [bus 00-ff]
[    0.168903] pci 0000:00:00.0: [8086:1237] type 00 class 0x060000
[    0.169615] pci 0000:00:01.0: [8086:7000] type 00 class 0x060100
[    0.170248] pci 0000:00:01.1: [8086:7111] type 00 class 0x01018a
[    0.170652] pci 0000:00:01.1: reg 0x20: [io  0xd000-0xd00f]
[    0.170830] pci 0000:00:01.1: legacy IDE quirk: reg 0x10: [io  0x01f0-0x01f7]
[    0.170832] pci 0000:00:01.1: legacy IDE quirk: reg 0x14: [io  0x03f6]
[    0.170833] pci 0000:00:01.1: legacy IDE quirk: reg 0x18: [io  0x0170-0x0177]
[    0.170834] pci 0000:00:01.1: legacy IDE quirk: reg 0x1c: [io  0x0376]
[    0.171261] pci 0000:00:02.0: [15ad:0405] type 00 class 0x030000
[    0.172737] pci 0000:00:02.0: reg 0x10: [io  0xd010-0xd01f]
[    0.174639] pci 0000:00:02.0: reg 0x14: [mem 0xf0000000-0xf0ffffff pref]
[    0.176232] pci 0000:00:02.0: reg 0x18: [mem 0xf1000000-0xf11fffff]
[    0.183067] pci 0000:00:02.0: Video device with shadowed ROM at [mem 0x000c0000-0x000dffff]
[    0.183761] pci 0000:00:03.0: [8086:100e] type 00 class 0x020000
[    0.185345] pci 0000:00:03.0: reg 0x10: [mem 0xf1200000-0xf121ffff]
[    0.187639] pci 0000:00:03.0: reg 0x18: [io  0xd020-0xd027]
[    0.194996] pci 0000:00:04.0: [80ee:cafe] type 00 class 0x088000
[    0.197560] pci 0000:00:04.0: reg 0x10: [io  0xd040-0xd05f]
[    0.199013] pci 0000:00:04.0: reg 0x14: [mem 0xf1400000-0xf17fffff]
[    0.199472] pci 0000:00:04.0: reg 0x18: [mem 0xf1800000-0xf1803fff pref]
[    0.206529] pci 0000:00:05.0: [8086:2415] type 00 class 0x040100
[    0.206649] pci 0000:00:05.0: reg 0x10: [io  0xd100-0xd1ff]
[    0.206713] pci 0000:00:05.0: reg 0x14: [io  0xd200-0xd23f]
[    0.207456] pci 0000:00:06.0: [106b:003f] type 00 class 0x0c0310
[    0.208937] pci 0000:00:06.0: reg 0x10: [mem 0xf1804000-0xf1804fff]
[    0.216750] pci 0000:00:07.0: [8086:7113] type 00 class 0x068000
[    0.217152] pci 0000:00:07.0: quirk: [io  0x4000-0x403f] claimed by PIIX4 ACPI
[    0.217164] pci 0000:00:07.0: quirk: [io  0x4100-0x410f] claimed by PIIX4 SMB
[    0.218493] pci 0000:00:0b.0: [8086:265c] type 00 class 0x0c0320
[    0.220817] pci 0000:00:0b.0: reg 0x10: [mem 0xf1805000-0xf1805fff]
[    0.230286] pci 0000:00:0d.0: [8086:2829] type 00 class 0x010601
[    0.231838] pci 0000:00:0d.0: reg 0x10: [io  0xd240-0xd247]
[    0.232770] pci 0000:00:0d.0: reg 0x14: [io  0xd248-0xd24b]
[    0.234208] pci 0000:00:0d.0: reg 0x18: [io  0xd250-0xd257]
[    0.236070] pci 0000:00:0d.0: reg 0x1c: [io  0xd258-0xd25b]
[    0.237449] pci 0000:00:0d.0: reg 0x20: [io  0xd260-0xd26f]
[    0.238828] pci 0000:00:0d.0: reg 0x24: [mem 0xf1806000-0xf1807fff]
[    0.247151] ACPI: PCI: Interrupt link LNKA configured for IRQ 11
[    0.247480] ACPI: PCI: Interrupt link LNKB configured for IRQ 10
[    0.247587] ACPI: PCI: Interrupt link LNKC configured for IRQ 9
[    0.247693] ACPI: PCI: Interrupt link LNKD configured for IRQ 11
[    0.247828] iommu: Default domain type: Translated 
[    0.247830] iommu: DMA domain TLB invalidation policy: lazy mode 
[    0.247847] pci 0000:00:02.0: vgaarb: setting as boot VGA device
[    0.247847] pci 0000:00:02.0: vgaarb: VGA device added: decodes=io+mem,owns=io+mem,locks=none
[    0.247847] pci 0000:00:02.0: vgaarb: bridge control possible
[    0.247847] vgaarb: loaded
[    0.247847] SCSI subsystem initialized
[    0.247847] libata version 3.00 loaded.
[    0.247847] ACPI: bus type USB registered
[    0.247847] usbcore: registered new interface driver usbfs
[    0.247847] usbcore: registered new interface driver hub
[    0.247847] usbcore: registered new device driver usb
[    0.247847] pps_core: LinuxPPS API ver. 1 registered
[    0.247847] pps_core: Software ver. 5.3.6 - Copyright 2005-2007 Rodolfo Giometti <giometti@linux.it>
[    0.247847] PTP clock support registered
[    0.247847] EDAC MC: Ver: 3.0.0
[    0.247847] NetLabel: Initializing
[    0.247847] NetLabel:  domain hash size = 128
[    0.247847] NetLabel:  protocols = UNLABELED CIPSOv4 CALIPSO
[    0.247847] NetLabel:  unlabeled traffic allowed by default
[    0.247847] mctp: management component transport protocol core
[    0.247847] NET: Registered PF_MCTP protocol family
[    0.247847] PCI: Using ACPI for IRQ routing
[    0.247847] PCI: pci_cache_line_size set to 64 bytes
[    0.247847] e820: reserve RAM buffer [mem 0x0009fc00-0x0009ffff]
[    0.247847] e820: reserve RAM buffer [mem 0xd3ef0000-0xd3ffffff]
[    0.249548] clocksource: Switched to clocksource kvm-clock
[    0.259635] VFS: Disk quotas dquot_6.6.0
[    0.259645] VFS: Dquot-cache hash table entries: 512 (order 0, 4096 bytes)
[    0.259689] pnp: PnP ACPI init
[    0.260575] pnp: PnP ACPI: found 2 devices
[    0.269233] clocksource: acpi_pm: mask: 0xffffff max_cycles: 0xffffff, max_idle_ns: 2085701024 ns
[    0.269280] NET: Registered PF_INET protocol family
[    0.269321] IP idents hash table entries: 65536 (order: 7, 524288 bytes, linear)
[    0.269771] tcp_listen_portaddr_hash hash table entries: 2048 (order: 3, 32768 bytes, linear)
[    0.269786] TCP established hash table entries: 32768 (order: 6, 262144 bytes, linear)
[    0.269824] TCP bind hash table entries: 32768 (order: 7, 524288 bytes, linear)
[    0.269847] TCP: Hash tables configured (established 32768 bind 32768)
[    0.269885] MPTCP token hash table entries: 4096 (order: 4, 98304 bytes, linear)
[    0.269899] UDP hash table entries: 2048 (order: 4, 65536 bytes, linear)
[    0.269907] UDP-Lite hash table entries: 2048 (order: 4, 65536 bytes, linear)
[    0.269934] NET: Registered PF_UNIX/PF_LOCAL protocol family
[    0.269938] NET: Registered PF_XDP protocol family
[    0.269944] pci_bus 0000:00: resource 4 [io  0x0000-0x0cf7 window]
[    0.269947] pci_bus 0000:00: resource 5 [io  0x0d00-0xffff window]
[    0.269948] pci_bus 0000:00: resource 6 [mem 0x000a0000-0x000bffff window]
[    0.269950] pci_bus 0000:00: resource 7 [mem 0xd3f00000-0xfdffffff window]
[    0.269988] pci 0000:00:00.0: Limiting direct PCI/PCI transfers
[    0.270043] pci 0000:00:01.0: Activating ISA DMA hang workarounds
[    0.272331] PCI: CLS 0 bytes, default 64
[    0.272372] Trying to unpack rootfs image as initramfs...
[    0.287248] clocksource: tsc: mask: 0xffffffffffffffff max_cycles: 0x22983777dd9, max_idle_ns: 440795300422 ns
[    0.287304] clocksource: Switched to clocksource tsc
[    0.287337] platform rtc_cmos: registered platform RTC device (no PNP device found)
[    0.288328] Initialise system trusted keyrings
[    0.288335] Key type blacklist registered
[    0.288414] workingset: timestamp_bits=41 max_order=20 bucket_order=0
[    0.289441] zbud: loaded
[    0.295275] Key type asymmetric registered
[    0.295277] Asymmetric key parser 'x509' registered
[    0.311769] Freeing initrd memory: 8616K
[    0.314359] alg: self-tests for CTR-KDF (hmac(sha256)) passed
[    0.314377] Block layer SCSI generic (bsg) driver version 0.4 loaded (major 242)
[    0.314452] io scheduler mq-deadline registered
[    0.314453] io scheduler kyber registered
[    0.314477] io scheduler bfq registered
[    0.314885] shpchp: Standard Hot Plug PCI Controller Driver version: 0.4
[    0.315014] ACPI: AC: AC Adapter [AC] (on-line)
[    0.315083] input: Power Button as /devices/LNXSYSTM:00/LNXPWRBN:00/input/input0
[    0.315107] ACPI: button: Power Button [PWRF]
[    0.315167] input: Sleep Button as /devices/LNXSYSTM:00/LNXSLPBN:00/input/input1
[    0.315181] ACPI: button: Sleep Button [SLPF]
[    0.316192] ACPI: battery: Slot [BAT0] (battery present)
[    0.316285] Serial: 8250/16550 driver, 32 ports, IRQ sharing enabled
[    0.317179] Non-volatile memory driver v1.3
[    0.317180] Linux agpgart interface v0.103
[    0.317181] AMD-Vi: AMD IOMMUv2 functionality not available on this system - This is not a bug.
[    0.317186] ACPI: bus type drm_connector registered
[    0.317850] ahci 0000:00:0d.0: version 3.0
[    0.318475] ahci 0000:00:0d.0: SSS flag set, parallel bus scan disabled
[    0.318599] ahci 0000:00:0d.0: AHCI 0001.0100 32 slots 1 ports 3 Gbps 0x1 impl SATA mode
[    0.318602] ahci 0000:00:0d.0: flags: 64bit ncq stag only ccc 
[    0.318890] scsi host0: ahci
[    0.318964] ata1: SATA max UDMA/133 abar m8192@0xf1806000 port 0xf1806100 irq 21
[    0.318985] ehci_hcd: USB 2.0 'Enhanced' Host Controller (EHCI) Driver
[    0.318989] ehci-pci: EHCI PCI platform driver
[    0.319591] ehci-pci 0000:00:0b.0: EHCI Host Controller
[    0.319595] ehci-pci 0000:00:0b.0: new USB bus registered, assigned bus number 1
[    0.319790] ehci-pci 0000:00:0b.0: irq 19, io mem 0xf1805000
[    0.332762] ehci-pci 0000:00:0b.0: USB 2.0 started, EHCI 1.00
[    0.332807] usb usb1: New USB device found, idVendor=1d6b, idProduct=0002, bcdDevice= 5.17
[    0.332810] usb usb1: New USB device strings: Mfr=3, Product=2, SerialNumber=1
[    0.332811] usb usb1: Product: EHCI Host Controller
[    0.332812] usb usb1: Manufacturer: Linux 5.17.0-rc8-mpouzol ehci_hcd
[    0.332813] usb usb1: SerialNumber: 0000:00:0b.0
[    0.332881] hub 1-0:1.0: USB hub found
[    0.332886] hub 1-0:1.0: 12 ports detected
[    0.333053] ohci_hcd: USB 1.1 'Open' Host Controller (OHCI) Driver
[    0.333056] ohci-pci: OHCI PCI platform driver
[    0.333673] ohci-pci 0000:00:06.0: OHCI PCI host controller
[    0.333677] ohci-pci 0000:00:06.0: new USB bus registered, assigned bus number 2
[    0.333738] ohci-pci 0000:00:06.0: irq 22, io mem 0xf1804000
[    0.390507] usb usb2: New USB device found, idVendor=1d6b, idProduct=0001, bcdDevice= 5.17
[    0.390511] usb usb2: New USB device strings: Mfr=3, Product=2, SerialNumber=1
[    0.390512] usb usb2: Product: OHCI PCI host controller
[    0.390513] usb usb2: Manufacturer: Linux 5.17.0-rc8-mpouzol ohci_hcd
[    0.390514] usb usb2: SerialNumber: 0000:00:06.0
[    0.390593] hub 2-0:1.0: USB hub found
[    0.390606] hub 2-0:1.0: 12 ports detected
[    0.390953] uhci_hcd: USB Universal Host Controller Interface driver
[    0.390982] usbcore: registered new interface driver usbserial_generic
[    0.390985] usbserial: USB Serial support registered for generic
[    0.391368] rtc_cmos rtc_cmos: registered as rtc0
[    0.391400] rtc_cmos rtc_cmos: setting system clock to 2022-03-15T17:40:21 UTC (1647366021)
[    0.391410] rtc_cmos rtc_cmos: alarms up to one day, 114 bytes nvram
[    0.391431] intel_pstate: CPU model not supported
[    0.391578] ledtrig-cpu: registered to indicate activity on CPUs
[    0.391638] vesafb: mode is 640x480x32, linelength=2560, pages=0
[    0.391639] vesafb: scrolling: redraw
[    0.391639] vesafb: Truecolor: size=8:8:8:8, shift=24:16:8:0
[    0.391645] vesafb: framebuffer at 0xf0000000, mapped to 0x0000000052a673fd, using 1216k, total 1216k
[    0.391669] fbcon: Deferring console take-over
[    0.391669] fb0: VESA VGA frame buffer device
[    0.391679] hid: raw HID events driver (C) Jiri Kosina
[    0.391750] intel_pmc_core intel_pmc_core.0:  initialized
[    0.391783] drop_monitor: Initializing network drop monitor service
[    0.391830] Initializing XFRM netlink socket
[    0.391900] NET: Registered PF_INET6 protocol family
[    0.394689] Segment Routing with IPv6
[    0.394690] RPL Segment Routing with IPv6
[    0.394696] In-situ OAM (IOAM) with IPv6
[    0.394712] NET: Registered PF_PACKET protocol family
[    0.394973] IPI shorthand broadcast: enabled
[    0.394980] sched_clock: Marking stable (392744567, 2193727)->(393591554, 1346740)
[    0.395127] registered taskstats version 1
[    0.395400] Loading compiled-in X.509 certificates
[    0.397778] Loaded X.509 cert 'Build time autogenerated kernel key: 6c74e3f7eba9305ecb2bc9d8ecfe66b23ca875eb'
[    0.398105] zswap: loaded using pool lz4/z3fold
[    0.398485] Key type ._fscrypt registered
[    0.398486] Key type .fscrypt registered
[    0.398487] Key type fscrypt-provisioning registered
[    0.400375] PM:   Magic number: 14:45:694
[    0.400486] RAS: Correctable Errors collector initialized.
[    0.640414] ata1: SATA link up 3.0 Gbps (SStatus 123 SControl 300)
[    0.640722] ata1.00: ATA-6: VBOX HARDDISK, 1.0, max UDMA/133
[    0.640731] ata1.00: 80758080 sectors, multi 128: LBA48 NCQ (depth 32)
[    0.641269] ata1.00: configured for UDMA/133
[    0.641519] scsi 0:0:0:0: Direct-Access     ATA      VBOX HARDDISK    1.0  PQ: 0 ANSI: 5
[    0.642052] sd 0:0:0:0: [sda] 80758080 512-byte logical blocks: (41.3 GB/38.5 GiB)
[    0.642082] sd 0:0:0:0: [sda] Write Protect is off
[    0.642087] sd 0:0:0:0: [sda] Mode Sense: 00 3a 00 00
[    0.642114] sd 0:0:0:0: [sda] Write cache: enabled, read cache: enabled, doesn't support DPO or FUA
[    0.708753]  sda: sda1 sda2
[    0.771218] usb 2-1: new full-speed USB device number 2 using ohci-pci
[    0.790563] sd 0:0:0:0: [sda] Attached SCSI disk
[    0.792467] Freeing unused decrypted memory: 2036K
[    0.792725] Freeing unused kernel image (initmem) memory: 1784K
[    0.792787] Write protecting the kernel read-only data: 24576k
[    0.793255] Freeing unused kernel image (text/rodata gap) memory: 2040K
[    0.793564] Freeing unused kernel image (rodata/data gap) memory: 1900K
[    0.840507] x86/mm: Checked W+X mappings: passed, no W+X pages found.
[    0.840512] rodata_test: all tests were successful
[    0.840514] x86/mm: Checking user space page tables
[    0.888611] x86/mm: Checked W+X mappings: passed, no W+X pages found.
[    0.888631] Run /init as init process
[    0.888633]   with arguments:
[    0.888634]     /init
[    0.888635]   with environment:
[    0.888635]     HOME=/
[    0.888636]     TERM=linux
[    0.888637]     BOOT_IMAGE=/boot/vmlinuz-5.17.0-mpouzol
[    0.900412] fbcon: Taking over console
[    0.900467] Console: switching to colour frame buffer device 80x30
[    0.948090] ata_piix 0000:00:01.1: version 2.13
[    0.951033] i8042: PNP: PS/2 Controller [PNP0303:PS2K,PNP0f03:PS2M] at 0x60,0x64 irq 1,12
[    0.952692] serio: i8042 KBD port at 0x60,0x64 irq 1
[    0.952712] serio: i8042 AUX port at 0x60,0x64 irq 12
[    0.958722] scsi host1: ata_piix
[    0.961596] scsi host2: ata_piix
[    0.961879] ata2: PATA max UDMA/33 cmd 0x1f0 ctl 0x3f6 bmdma 0xd000 irq 14
[    0.961881] ata3: PATA max UDMA/33 cmd 0x170 ctl 0x376 bmdma 0xd008 irq 15
[    0.974034] input: AT Translated Set 2 keyboard as /devices/platform/i8042/serio0/input/input2
[    1.071677] usb 2-1: New USB device found, idVendor=80ee, idProduct=0021, bcdDevice= 1.00
[    1.071688] usb 2-1: New USB device strings: Mfr=1, Product=3, SerialNumber=0
[    1.071694] usb 2-1: Product: USB Tablet
[    1.071698] usb 2-1: Manufacturer: VirtualBox
[    1.105304] input: VirtualBox USB Tablet as /devices/pci0000:00/0000:00:06.0/usb2/2-1/2-1:1.0/0003:80EE:0021.0001/input/input4
[    1.106713] hid-generic 0003:80EE:0021.0001: input,hidraw0: USB HID v1.10 Mouse [VirtualBox USB Tablet] on usb-0000:00:06.0-1/input0
[    1.107752] usbcore: registered new interface driver usbhid
[    1.107757] usbhid: USB HID core driver
[    1.129450] ata3.00: ATAPI: VBOX CD-ROM, 1.0, max UDMA/133
[    1.130273] scsi 2:0:0:0: CD-ROM            VBOX     CD-ROM           1.0  PQ: 0 ANSI: 5
[    1.299046] sr 2:0:0:0: [sr0] scsi3-mmc drive: 32x/32x xa/form2 tray
[    1.299053] cdrom: Uniform CD-ROM driver Revision: 3.20
[    1.327229] sr 2:0:0:0: Attached scsi CD-ROM sr0
[    4.105283] EXT4-fs (sda2): mounted filesystem with ordered data mode. Quota mode: none.
[    4.144716] random: fast init done
[    4.254830] systemd[1]: systemd 250.4-1-arch running in system mode (+PAM +AUDIT -SELINUX -APPARMOR -IMA +SMACK +SECCOMP +GCRYPT +GNUTLS +OPENSSL +ACL +BLKID +CURL +ELFUTILS +FIDO2 +IDN2 -IDN +IPTC +KMOD +LIBCRYPTSETUP +LIBFDISK +PCRE2 -PWQUALITY +P11KIT -QRENCODE +BZIP2 +LZ4 +XZ +ZLIB +ZSTD -BPF_FRAMEWORK +XKBCOMMON +UTMP -SYSVINIT default-hierarchy=unified)
[    4.254850] systemd[1]: Detected virtualization oracle.
[    4.254853] systemd[1]: Detected architecture x86-64.
[    4.256598] systemd[1]: Hostname set to <mpouzol>.
[    4.287493] systemd-fstab-generator[206]: Failed to create unit file /run/systemd/generator/-.mount, as it already exists. Duplicate entry in /etc/fstab?
[    4.287513] systemd-fstab-generator[206]: Failed to create unit file /run/systemd/generator/-.mount, as it already exists. Duplicate entry in /etc/fstab?
[    4.287531] systemd-fstab-generator[206]: Failed to create unit file /run/systemd/generator/-.mount, as it already exists. Duplicate entry in /etc/fstab?
[    4.293258] systemd[202]: /usr/lib/systemd/system-generators/systemd-fstab-generator failed with exit status 1.
[    4.402585] systemd[1]: Queued start job for default target Graphical Interface.
[    4.403552] systemd[1]: Created slice Slice /system/getty.
[    4.403817] systemd[1]: Created slice Slice /system/modprobe.
[    4.404013] systemd[1]: Created slice User and Session Slice.
[    4.404065] systemd[1]: Started Dispatch Password Requests to Console Directory Watch.
[    4.404106] systemd[1]: Started Forward Password Requests to Wall Directory Watch.
[    4.404223] systemd[1]: Set up automount Arbitrary Executable File Formats File System Automount Point.
[    4.404247] systemd[1]: Reached target Local Encrypted Volumes.
[    4.404262] systemd[1]: Reached target Login Prompts.
[    4.404280] systemd[1]: Reached target Local Integrity Protected Volumes.
[    4.404303] systemd[1]: Reached target Path Units.
[    4.404320] systemd[1]: Reached target Remote File Systems.
[    4.404334] systemd[1]: Reached target Slice Units.
[    4.404357] systemd[1]: Reached target Swaps.
[    4.404378] systemd[1]: Reached target Local Verity Protected Volumes.
[    4.404433] systemd[1]: Listening on Device-mapper event daemon FIFOs.
[    4.404540] systemd[1]: Listening on LVM2 poll daemon socket.
[    4.406298] systemd[1]: Listening on Process Core Dump Socket.
[    4.406506] systemd[1]: Listening on Journal Audit Socket.
[    4.406594] systemd[1]: Listening on Journal Socket (/dev/log).
[    4.406679] systemd[1]: Listening on Journal Socket.
[    4.407117] systemd[1]: Listening on udev Control Socket.
[    4.407199] systemd[1]: Listening on udev Kernel Socket.
[    4.407903] systemd[1]: Mounting Huge Pages File System...
[    4.408539] systemd[1]: Mounting POSIX Message Queue File System...
[    4.409223] systemd[1]: Mounting Kernel Debug File System...
[    4.409920] systemd[1]: Mounting Kernel Trace File System...
[    4.411759] systemd[1]: Mounting Temporary Directory /tmp...
[    4.412594] systemd[1]: Starting Create List of Static Device Nodes...
[    4.413289] systemd[1]: Starting Monitoring of LVM2 mirrors, snapshots etc. using dmeventd or progress polling...
[    4.414005] systemd[1]: Starting Load Kernel Module configfs...
[    4.414777] systemd[1]: Starting Load Kernel Module drm...
[    4.415587] systemd[1]: Starting Load Kernel Module fuse...
[    4.415655] systemd[1]: File System Check on Root Device was skipped because of a failed condition check (ConditionPathIsReadWrite=!/).
[    4.417557] systemd[1]: Starting Journal Service...
[    4.419313] systemd[1]: Starting Load Kernel Modules...
[    4.420199] systemd[1]: Starting Remount Root and Kernel File Systems...
[    4.420287] systemd[1]: Repartition Root Disk was skipped because all trigger condition checks failed.
[    4.421077] systemd[1]: Starting Coldplug All udev Devices...
[    4.422606] systemd[1]: Mounted Huge Pages File System.
[    4.422679] systemd[1]: Mounted POSIX Message Queue File System.
[    4.422746] systemd[1]: Mounted Kernel Debug File System.
[    4.422884] systemd[1]: Mounted Kernel Trace File System.
[    4.422947] systemd[1]: Mounted Temporary Directory /tmp.
[    4.423140] systemd[1]: Finished Create List of Static Device Nodes.
[    4.423396] systemd[1]: modprobe@configfs.service: Deactivated successfully.
[    4.423503] systemd[1]: Finished Load Kernel Module configfs.
[    4.423702] systemd[1]: modprobe@drm.service: Deactivated successfully.
[    4.423801] systemd[1]: Finished Load Kernel Module drm.
[    4.424510] systemd[1]: Mounting Kernel Configuration File System...
[    4.425889] EXT4-fs (sda2): re-mounted. Quota mode: none.
[    4.427613] fuse: init (API version 7.36)
[    4.427824] EXT4-fs (sda2): re-mounted. Quota mode: none.
[    4.427974] EXT4-fs (sda2): re-mounted. Quota mode: none.
[    4.429070] systemd[1]: modprobe@fuse.service: Deactivated successfully.
[    4.429194] systemd[1]: Finished Load Kernel Module fuse.
[    4.429854] EXT4-fs (sda2): re-mounted. Quota mode: none.
[    4.430110] systemd[1]: Mounting FUSE Control File System...
[    4.431817] systemd[1]: Mounted FUSE Control File System.
[    4.432389] systemd[1]: Mounted Kernel Configuration File System.
[    4.434363] systemd[1]: Finished Remount Root and Kernel File Systems.
[    4.434485] systemd[1]: First Boot Wizard was skipped because of a failed condition check (ConditionFirstBoot=yes).
[    4.435307] systemd[1]: Rebuild Hardware Database was skipped because all trigger condition checks failed.
[    4.436015] systemd[1]: Starting Load/Save Random Seed...
[    4.437038] systemd[1]: Starting Create System Users...
[    4.450884] random: lvm: uninitialized urandom read (4 bytes read)
[    4.459514] sd 0:0:0:0: Attached scsi generic sg0 type 0
[    4.459857] sr 2:0:0:0: Attached scsi generic sg1 type 5
[    4.460532] systemd[1]: Finished Load Kernel Modules.
[    4.460635] audit: type=1130 audit(1647366025.566:2): pid=1 uid=0 auid=4294967295 ses=4294967295 msg='unit=systemd-modules-load comm="systemd" exe="/usr/lib/systemd/systemd" hostname=? addr=? terminal=? res=success'
[    4.461504] systemd[1]: Starting Apply Kernel Variables...
[    4.465109] systemd[1]: Started Journal Service.
[    4.465258] audit: type=1130 audit(1647366025.570:3): pid=1 uid=0 auid=4294967295 ses=4294967295 msg='unit=systemd-journald comm="systemd" exe="/usr/lib/systemd/systemd" hostname=? addr=? terminal=? res=success'
[    4.480939] systemd-journald[224]: Received client request to flush runtime journal.
[    4.482442] audit: type=1130 audit(1647366025.586:4): pid=1 uid=0 auid=4294967295 ses=4294967295 msg='unit=systemd-udev-trigger comm="systemd" exe="/usr/lib/systemd/systemd" hostname=? addr=? terminal=? res=success'
[    4.494375] audit: type=1130 audit(1647366025.600:5): pid=1 uid=0 auid=4294967295 ses=4294967295 msg='unit=systemd-sysusers comm="systemd" exe="/usr/lib/systemd/systemd" hostname=? addr=? terminal=? res=success'
[    4.496731] audit: type=1130 audit(1647366025.603:6): pid=1 uid=0 auid=4294967295 ses=4294967295 msg='unit=systemd-sysctl comm="systemd" exe="/usr/lib/systemd/systemd" hostname=? addr=? terminal=? res=success'
[    4.508312] audit: type=1130 audit(1647366025.613:7): pid=1 uid=0 auid=4294967295 ses=4294967295 msg='unit=lvm2-monitor comm="systemd" exe="/usr/lib/systemd/systemd" hostname=? addr=? terminal=? res=success'
[    4.550989] audit: type=1130 audit(1647366025.656:8): pid=1 uid=0 auid=4294967295 ses=4294967295 msg='unit=systemd-tmpfiles-setup-dev comm="systemd" exe="/usr/lib/systemd/systemd" hostname=? addr=? terminal=? res=success'
[    4.554277] audit: type=1334 audit(1647366025.660:9): prog-id=7 op=LOAD
[    4.554439] audit: type=1334 audit(1647366025.660:10): prog-id=8 op=LOAD
[    5.219067] kauditd_printk_skb: 7 callbacks suppressed
[    5.219069] audit: type=1130 audit(1647366026.323:18): pid=1 uid=0 auid=4294967295 ses=4294967295 msg='unit=ldconfig comm="systemd" exe="/usr/lib/systemd/systemd" hostname=? addr=? terminal=? res=success'
[    5.226932] audit: type=1130 audit(1647366026.333:19): pid=1 uid=0 auid=4294967295 ses=4294967295 msg='unit=systemd-update-done comm="systemd" exe="/usr/lib/systemd/systemd" hostname=? addr=? terminal=? res=success'
[    5.233776] audit: type=1334 audit(1647366026.336:20): prog-id=10 op=LOAD
[    5.233781] audit: type=1334 audit(1647366026.340:21): prog-id=11 op=LOAD
[    5.233783] audit: type=1334 audit(1647366026.340:22): prog-id=12 op=LOAD
[    5.234539] random: dbus-daemon: uninitialized urandom read (12 bytes read)
[    5.239655] random: dhcpcd: uninitialized urandom read (112 bytes read)
[    5.247674] vboxguest: host-version: 6.1.2r135662 0x8000000f
[    5.248964] vbg_heartbeat_init: Setting up heartbeat to trigger every 2000 milliseconds
[    5.250402] piix4_smbus 0000:00:07.0: SMBus Host Controller at 0x4100, revision 0
[    5.255874] input: PC Speaker as /devices/platform/pcspkr/input/input6
[    5.257436] input: VirtualBox mouse integration as /devices/pci0000:00/0000:00:04.0/input/input5
[    5.258472] vboxguest: misc device minor 124, IRQ 20, I/O port d040, MMIO at 0x00000000f1400000 (size 0x0000000000400000)
[    5.267625] audit: type=1130 audit(1647366026.373:23): pid=1 uid=0 auid=4294967295 ses=4294967295 msg='unit=dbus comm="systemd" exe="/usr/lib/systemd/systemd" hostname=? addr=? terminal=? res=success'
[    5.268575] audit: type=1130 audit(1647366026.373:24): pid=1 uid=0 auid=4294967295 ses=4294967295 msg='unit=dhcpcd comm="systemd" exe="/usr/lib/systemd/systemd" hostname=? addr=? terminal=? res=success'
[    5.279177] ACPI: video: Video Device [GFX0] (multi-head: yes  rom: no  post: no)
[    5.280440] audit: type=1130 audit(1647366026.386:25): pid=1 uid=0 auid=4294967295 ses=4294967295 msg='unit=systemd-user-sessions comm="systemd" exe="/usr/lib/systemd/systemd" hostname=? addr=? terminal=? res=success'
[    5.294851] input: Video Bus as /devices/LNXSYSTM:00/LNXSYBUS:00/PNP0A03:00/LNXVIDEO:00/input/input7
[    5.296551] e1000: Intel(R) PRO/1000 Network Driver
[    5.296553] e1000: Copyright (c) 1999-2006 Intel Corporation.
[    5.315892] audit: type=1130 audit(1647366026.420:26): pid=1 uid=0 auid=4294967295 ses=4294967295 msg='unit=gdm comm="systemd" exe="/usr/lib/systemd/systemd" hostname=? addr=? terminal=? res=success'
[    5.346322] audit: type=1130 audit(1647366026.453:27): pid=1 uid=0 auid=4294967295 ses=4294967295 msg='unit=modprobe@drm comm="systemd" exe="/usr/lib/systemd/systemd" hostname=? addr=? terminal=? res=success'
[    5.376510] checking generic (f0000000 130000) vs hw (f0000000 1000000)
[    5.376515] fb0: switching to vmwgfx from VESA VGA
[    5.381190] Console: switching to colour dummy device 80x25
[    5.381207] vmwgfx 0000:00:02.0: vgaarb: deactivate vga console
[    5.385850] vmwgfx 0000:00:02.0: [drm] FIFO at 0x00000000f1000000 size is 2048 kiB
[    5.385859] vmwgfx 0000:00:02.0: [drm] VRAM at 0x00000000f0000000 size is 16384 kiB
[    5.385867] vmwgfx 0000:00:02.0: [drm] Running on SVGA version 2.
[    5.385872] vmwgfx 0000:00:02.0: [drm] DMA map mode: Caching DMA mappings.
[    5.385914] vmwgfx 0000:00:02.0: [drm] Legacy memory limits: VRAM = 16384 kB, FIFO = 2048 kB, surface = 507904 kB
[    5.385916] vmwgfx 0000:00:02.0: [drm] MOB limits: max mob size = 0 kB, max mob pages = 0
[    5.385918] vmwgfx 0000:00:02.0: [drm] Capabilities: cursor, cursor bypass 2, alpha cursor, 3D, extended fifo, pitchlock, irq mask, gmr, traces, gmr2, screen object 2, 
[    5.385920] vmwgfx 0000:00:02.0: [drm] Max GMR ids is 8192
[    5.385921] vmwgfx 0000:00:02.0: [drm] Max number of GMR pages is 1048576
[    5.385922] vmwgfx 0000:00:02.0: [drm] Maximum display memory size is 16384 kiB
[    5.395389] vmwgfx 0000:00:02.0: [drm] Screen Object display unit initialized
[    5.395627] vmwgfx 0000:00:02.0: [drm] Fifo max 0x00200000 min 0x00001000 cap 0x00000355
[    5.395634] vmwgfx 0000:00:02.0: [drm] Available shader model: Legacy.
[    5.395639] [drm:vmw_host_printf [vmwgfx]] *ERROR* Failed to send host log message.
[    5.398176] fbcon: svgadrmfb (fb0) is primary device
[    5.400687] mousedev: PS/2 mouse device common for all mice
[    5.408304] Console: switching to colour frame buffer device 100x37
[    5.427183] [drm] Initialized vmwgfx 2.20.0 20211206 for 0000:00:02.0 on minor 0
[    5.452681] RAPL PMU: API unit is 2^-32 Joules, 0 fixed counters, 10737418240 ms ovfl timer
[    5.513594] cryptd: max_cpu_qlen set to 1000
[    5.514446] 8021q: 802.1Q VLAN Support v1.8
[    5.542197] AVX2 version of gcm_enc/dec engaged.
[    5.542449] AES CTR mode by8 optimization enabled
[    5.554335] input: ImExPS/2 Generic Explorer Mouse as /devices/platform/i8042/serio1/input/input8
[    5.575499] urandom_read: 1 callbacks suppressed
[    5.575502] random: polkitd: uninitialized urandom read (8 bytes read)
[    5.575521] random: polkitd: uninitialized urandom read (8 bytes read)
[    5.575530] random: polkitd: uninitialized urandom read (8 bytes read)
[    5.635428] cfg80211: Loading compiled-in X.509 certificates for regulatory database
[    5.648887] cfg80211: Loaded X.509 cert 'sforshee: 00b28ddf47aef9cea7'
[    5.651376] platform regulatory.0: Direct firmware load for regulatory.db failed with error -2
[    5.651379] cfg80211: failed to load regulatory.db
[    5.789715] e1000 0000:00:03.0 eth0: (PCI:33MHz:32-bit) 08:00:27:31:ad:ba
[    5.789722] e1000 0000:00:03.0 eth0: Intel(R) PRO/1000 Network Connection
[    5.799453] random: crng init done
[    5.799456] random: 3 urandom warning(s) missed due to ratelimiting
[    5.839774] e1000 0000:00:03.0 enp0s3: renamed from eth0
[    6.200817] snd_intel8x0 0000:00:05.0: allow list rate for 1028:0177 is 48000
[    6.513542] 8021q: adding VLAN 0 to HW filter on device enp0s3
[    8.623413] e1000: enp0s3 NIC Link is Up 1000 Mbps Full Duplex, Flow Control: RX
[    8.623797] IPv6: ADDRCONF(NETDEV_CHANGE): enp0s3: link becomes ready
[    8.813671] rfkill: input handler disabled
[   11.812144] kauditd_printk_skb: 39 callbacks suppressed
[   11.812146] audit: type=1100 audit(1647366032.916:61): pid=599 uid=0 auid=4294967295 ses=4294967295 msg='op=PAM:authentication grantors=pam_shells,pam_faillock,pam_permit,pam_faillock,pam_gnome_keyring acct="maxime" exe="/usr/lib/gdm-session-worker" hostname=mpouzol addr=? terminal=/dev/tty1 res=success'
[   11.812652] audit: type=1101 audit(1647366032.916:62): pid=599 uid=0 auid=4294967295 ses=4294967295 msg='op=PAM:accounting grantors=pam_access,pam_unix,pam_permit,pam_time acct="maxime" exe="/usr/lib/gdm-session-worker" hostname=mpouzol addr=? terminal=/dev/tty1 res=success'
[   11.813555] audit: type=1103 audit(1647366032.920:63): pid=599 uid=0 auid=4294967295 ses=4294967295 msg='op=PAM:setcred grantors=pam_shells,pam_faillock,pam_permit,pam_faillock,pam_gnome_keyring acct="maxime" exe="/usr/lib/gdm-session-worker" hostname=mpouzol addr=? terminal=/dev/tty1 res=success'
[   11.814084] audit: type=1006 audit(1647366032.920:64): pid=599 uid=0 old-auid=4294967295 auid=1001 tty=(none) old-ses=4294967295 ses=3 res=1
[   11.814096] audit: type=1300 audit(1647366032.920:64): arch=c000003e syscall=1 success=yes exit=4 a0=a a1=7ffff6dc9770 a2=4 a3=0 items=0 ppid=283 pid=599 auid=1001 uid=0 gid=1001 euid=0 suid=0 fsuid=0 egid=1001 sgid=1001 fsgid=1001 tty=(none) ses=3 comm="gdm-session-wor" exe="/usr/lib/gdm-session-worker" key=(null)
[   11.814103] audit: type=1327 audit(1647366032.920:64): proctitle=67646D2D73657373696F6E2D776F726B6572205B70616D2F67646D2D70617373776F72645D
[   11.828903] audit: type=1130 audit(1647366032.933:65): pid=1 uid=0 auid=4294967295 ses=4294967295 msg='unit=user-runtime-dir@1001 comm="systemd" exe="/usr/lib/systemd/systemd" hostname=? addr=? terminal=? res=success'
[   11.834369] audit: type=1101 audit(1647366032.940:66): pid=608 uid=0 auid=4294967295 ses=4294967295 msg='op=PAM:accounting grantors=pam_access,pam_unix,pam_permit,pam_time acct="maxime" exe="/usr/lib/systemd/systemd" hostname=? addr=? terminal=? res=success'
[   11.834421] audit: type=1103 audit(1647366032.940:67): pid=608 uid=0 auid=4294967295 ses=4294967295 msg='op=PAM:setcred grantors=? acct="maxime" exe="/usr/lib/systemd/systemd" hostname=? addr=? terminal=? res=failed'
[   11.834424] audit: type=1006 audit(1647366032.940:68): pid=608 uid=0 old-auid=4294967295 auid=1001 tty=(none) old-ses=4294967295 ses=4 res=1
[   12.042594] rfkill: input handler enabled
[   14.156161] rfkill: input handler disabled
[   14.210819] Service: Shared Clipboard
[   14.221857] Service: Host Version Check
[   14.234565] Service: Seamless
[   14.241861] Service: Drag and Drop (DnD)
[   15.307639] Worker loop running
[   25.103982] kauditd_printk_skb: 12 callbacks suppressed
[   25.103985] audit: type=1131 audit(1647366046.210:77): pid=1 uid=0 auid=4294967295 ses=4294967295 msg='unit=user@120 comm="systemd" exe="/usr/lib/systemd/systemd" hostname=? addr=? terminal=? res=success'
[   25.112038] audit: type=1131 audit(1647366046.216:78): pid=1 uid=0 auid=4294967295 ses=4294967295 msg='unit=user-runtime-dir@120 comm="systemd" exe="/usr/lib/systemd/systemd" hostname=? addr=? terminal=? res=success'
[   44.547694] audit: type=1131 audit(1647366065.653:79): pid=1 uid=0 auid=4294967295 ses=4294967295 msg='unit=systemd-localed comm="systemd" exe="/usr/lib/systemd/systemd" hostname=? addr=? terminal=? res=success'
[   44.561694] audit: type=1131 audit(1647366065.666:80): pid=1 uid=0 auid=4294967295 ses=4294967295 msg='unit=systemd-hostnamed comm="systemd" exe="/usr/lib/systemd/systemd" hostname=? addr=? terminal=? res=success'
[   44.627258] audit: type=1334 audit(1647366065.733:81): prog-id=0 op=UNLOAD
[   44.627268] audit: type=1334 audit(1647366065.733:82): prog-id=0 op=UNLOAD
[   44.627273] audit: type=1334 audit(1647366065.733:83): prog-id=0 op=UNLOAD
[   44.710064] audit: type=1334 audit(1647366065.816:84): prog-id=0 op=UNLOAD
[   44.710069] audit: type=1334 audit(1647366065.816:85): prog-id=0 op=UNLOAD
[   44.710071] audit: type=1334 audit(1647366065.816:86): prog-id=0 op=UNLOAD
[   69.032947] audit: type=1131 audit(1647366090.136:87): pid=1 uid=0 auid=4294967295 ses=4294967295 msg='unit=geoclue comm="systemd" exe="/usr/lib/systemd/systemd" hostname=? addr=? terminal=? res=success'
[  276.556217] audit: type=1100 audit(1647366297.660:88): pid=1768 uid=1001 auid=1001 ses=4 msg='op=PAM:authentication grantors=pam_unix acct="root" exe="/usr/bin/su" hostname=? addr=? terminal=/dev/pts/1 res=success'
[  276.556351] audit: type=1101 audit(1647366297.663:89): pid=1768 uid=1001 auid=1001 ses=4 msg='op=PAM:accounting grantors=pam_unix acct="root" exe="/usr/bin/su" hostname=? addr=? terminal=/dev/pts/1 res=success'
[  276.556665] audit: type=1103 audit(1647366297.663:90): pid=1768 uid=1001 auid=1001 ses=4 msg='op=PAM:setcred grantors=pam_unix acct="root" exe="/usr/bin/su" hostname=? addr=? terminal=/dev/pts/1 res=success'
[  276.556751] audit: type=1105 audit(1647366297.663:91): pid=1768 uid=1001 auid=1001 ses=4 msg='op=PAM:session_open grantors=pam_unix acct="root" exe="/usr/bin/su" hostname=? addr=? terminal=/dev/pts/1 res=success'
[  281.821554] audit: type=1106 audit(1647366302.926:92): pid=1768 uid=1001 auid=1001 ses=4 msg='op=PAM:session_close grantors=pam_unix acct="root" exe="/usr/bin/su" hostname=? addr=? terminal=/dev/pts/1 res=success'
[  281.821648] audit: type=1104 audit(1647366302.926:93): pid=1768 uid=1001 auid=1001 ses=4 msg='op=PAM:setcred grantors=pam_unix acct="root" exe="/usr/bin/su" hostname=? addr=? terminal=/dev/pts/1 res=success'
[  384.210490] audit: type=1100 audit(1647366405.316:94): pid=2069 uid=1001 auid=1001 ses=4 msg='op=PAM:authentication grantors=pam_faillock,pam_permit,pam_faillock acct="maxime" exe="/usr/bin/sudo" hostname=? addr=? terminal=/dev/pts/1 res=success'
[  384.210714] audit: type=1101 audit(1647366405.316:95): pid=2069 uid=1001 auid=1001 ses=4 msg='op=PAM:accounting grantors=pam_unix,pam_permit,pam_time acct="maxime" exe="/usr/bin/sudo" hostname=? addr=? terminal=/dev/pts/1 res=success'
[  384.211824] audit: type=1110 audit(1647366405.316:96): pid=2069 uid=1001 auid=1001 ses=4 msg='op=PAM:setcred grantors=pam_faillock,pam_permit,pam_faillock acct="root" exe="/usr/bin/sudo" hostname=? addr=? terminal=/dev/pts/1 res=success'
[  384.212827] audit: type=1105 audit(1647366405.316:97): pid=2069 uid=1001 auid=1001 ses=4 msg='op=PAM:session_open grantors=pam_systemd_home,pam_limits,pam_unix,pam_permit acct="root" exe="/usr/bin/sudo" hostname=? addr=? terminal=/dev/pts/1 res=success'
[  384.237024] audit: type=1106 audit(1647366405.343:98): pid=2069 uid=1001 auid=1001 ses=4 msg='op=PAM:session_close grantors=pam_systemd_home,pam_limits,pam_unix,pam_permit acct="root" exe="/usr/bin/sudo" hostname=? addr=? terminal=/dev/pts/1 res=success'
[  384.237030] audit: type=1104 audit(1647366405.343:99): pid=2069 uid=1001 auid=1001 ses=4 msg='op=PAM:setcred grantors=pam_faillock,pam_permit,pam_faillock acct="root" exe="/usr/bin/sudo" hostname=? addr=? terminal=/dev/pts/1 res=success'
[  404.458473] audit: type=1101 audit(1647366425.563:100): pid=2077 uid=1001 auid=1001 ses=4 msg='op=PAM:accounting grantors=pam_unix,pam_permit,pam_time acct="maxime" exe="/usr/bin/sudo" hostname=? addr=? terminal=/dev/pts/1 res=success'
[  404.459081] audit: type=1110 audit(1647366425.563:101): pid=2077 uid=1001 auid=1001 ses=4 msg='op=PAM:setcred grantors=pam_faillock,pam_permit,pam_env,pam_faillock acct="root" exe="/usr/bin/sudo" hostname=? addr=? terminal=/dev/pts/1 res=success'
[  404.459673] audit: type=1105 audit(1647366425.566:102): pid=2077 uid=1001 auid=1001 ses=4 msg='op=PAM:session_open grantors=pam_systemd_home,pam_limits,pam_unix,pam_permit acct="root" exe="/usr/bin/sudo" hostname=? addr=? terminal=/dev/pts/1 res=success'
